Archive member included to satisfy reference by file (symbol)

c:/program files (x86)/atmel/studio/7.0/toolchain/arm/arm-gnu-toolchain/bin/../lib/gcc/arm-none-eabi/6.3.1/thumb/v7e-m\libgcc.a(_aeabi_uldivmod.o)
                              src/oled/ssd1306.o (__aeabi_uldivmod)
c:/program files (x86)/atmel/studio/7.0/toolchain/arm/arm-gnu-toolchain/bin/../lib/gcc/arm-none-eabi/6.3.1/thumb/v7e-m\libgcc.a(_udivmoddi4.o)
                              c:/program files (x86)/atmel/studio/7.0/toolchain/arm/arm-gnu-toolchain/bin/../lib/gcc/arm-none-eabi/6.3.1/thumb/v7e-m\libgcc.a(_aeabi_uldivmod.o) (__udivmoddi4)
c:/program files (x86)/atmel/studio/7.0/toolchain/arm/arm-gnu-toolchain/bin/../lib/gcc/arm-none-eabi/6.3.1/thumb/v7e-m\libgcc.a(_dvmd_tls.o)
                              c:/program files (x86)/atmel/studio/7.0/toolchain/arm/arm-gnu-toolchain/bin/../lib/gcc/arm-none-eabi/6.3.1/thumb/v7e-m\libgcc.a(_aeabi_uldivmod.o) (__aeabi_ldiv0)
c:/program files (x86)/atmel/studio/7.0/toolchain/arm/arm-gnu-toolchain/bin/../lib/gcc/arm-none-eabi/6.3.1/../../../../arm-none-eabi/lib/thumb/v7e-m\libc.a(lib_a-exit.o)
                              c:/program files (x86)/atmel/studio/7.0/toolchain/arm/arm-gnu-toolchain/bin/../lib/gcc/arm-none-eabi/6.3.1/../../../../arm-none-eabi/lib/thumb/v7e-m/crt0.o (exit)
c:/program files (x86)/atmel/studio/7.0/toolchain/arm/arm-gnu-toolchain/bin/../lib/gcc/arm-none-eabi/6.3.1/../../../../arm-none-eabi/lib/thumb/v7e-m\libc.a(lib_a-impure.o)
                              c:/program files (x86)/atmel/studio/7.0/toolchain/arm/arm-gnu-toolchain/bin/../lib/gcc/arm-none-eabi/6.3.1/../../../../arm-none-eabi/lib/thumb/v7e-m\libc.a(lib_a-exit.o) (_global_impure_ptr)
c:/program files (x86)/atmel/studio/7.0/toolchain/arm/arm-gnu-toolchain/bin/../lib/gcc/arm-none-eabi/6.3.1/../../../../arm-none-eabi/lib/thumb/v7e-m\libc.a(lib_a-init.o)
                              c:/program files (x86)/atmel/studio/7.0/toolchain/arm/arm-gnu-toolchain/bin/../lib/gcc/arm-none-eabi/6.3.1/../../../../arm-none-eabi/lib/thumb/v7e-m/crt0.o (__libc_init_array)
c:/program files (x86)/atmel/studio/7.0/toolchain/arm/arm-gnu-toolchain/bin/../lib/gcc/arm-none-eabi/6.3.1/../../../../arm-none-eabi/lib/thumb/v7e-m\libc.a(lib_a-memset.o)
                              c:/program files (x86)/atmel/studio/7.0/toolchain/arm/arm-gnu-toolchain/bin/../lib/gcc/arm-none-eabi/6.3.1/../../../../arm-none-eabi/lib/thumb/v7e-m/crt0.o (memset)
c:/program files (x86)/atmel/studio/7.0/toolchain/arm/arm-gnu-toolchain/bin/../lib/gcc/arm-none-eabi/6.3.1/../../../../arm-none-eabi/lib/thumb/v7e-m\libc.a(lib_a-__call_atexit.o)
                              c:/program files (x86)/atmel/studio/7.0/toolchain/arm/arm-gnu-toolchain/bin/../lib/gcc/arm-none-eabi/6.3.1/../../../../arm-none-eabi/lib/thumb/v7e-m\libc.a(lib_a-exit.o) (__call_exitprocs)
c:/program files (x86)/atmel/studio/7.0/toolchain/arm/arm-gnu-toolchain/bin/../lib/gcc/arm-none-eabi/6.3.1/../../../../arm-none-eabi/lib/thumb/v7e-m\libc.a(lib_a-atexit.o)
                              c:/program files (x86)/atmel/studio/7.0/toolchain/arm/arm-gnu-toolchain/bin/../lib/gcc/arm-none-eabi/6.3.1/../../../../arm-none-eabi/lib/thumb/v7e-m\libc.a(lib_a-__call_atexit.o) (atexit)
c:/program files (x86)/atmel/studio/7.0/toolchain/arm/arm-gnu-toolchain/bin/../lib/gcc/arm-none-eabi/6.3.1/../../../../arm-none-eabi/lib/thumb/v7e-m\libc.a(lib_a-fini.o)
                              c:/program files (x86)/atmel/studio/7.0/toolchain/arm/arm-gnu-toolchain/bin/../lib/gcc/arm-none-eabi/6.3.1/../../../../arm-none-eabi/lib/thumb/v7e-m\libc.a(lib_a-__call_atexit.o) (__libc_fini_array)
c:/program files (x86)/atmel/studio/7.0/toolchain/arm/arm-gnu-toolchain/bin/../lib/gcc/arm-none-eabi/6.3.1/../../../../arm-none-eabi/lib/thumb/v7e-m\libc.a(lib_a-lock.o)
                              c:/program files (x86)/atmel/studio/7.0/toolchain/arm/arm-gnu-toolchain/bin/../lib/gcc/arm-none-eabi/6.3.1/../../../../arm-none-eabi/lib/thumb/v7e-m\libc.a(lib_a-__call_atexit.o) (__retarget_lock_acquire_recursive)
c:/program files (x86)/atmel/studio/7.0/toolchain/arm/arm-gnu-toolchain/bin/../lib/gcc/arm-none-eabi/6.3.1/../../../../arm-none-eabi/lib/thumb/v7e-m\libc.a(lib_a-__atexit.o)
                              c:/program files (x86)/atmel/studio/7.0/toolchain/arm/arm-gnu-toolchain/bin/../lib/gcc/arm-none-eabi/6.3.1/../../../../arm-none-eabi/lib/thumb/v7e-m\libc.a(lib_a-atexit.o) (__register_exitproc)

Allocating common symbols
Common symbol       size              file

__lock___atexit_recursive_mutex
                    0x1               c:/program files (x86)/atmel/studio/7.0/toolchain/arm/arm-gnu-toolchain/bin/../lib/gcc/arm-none-eabi/6.3.1/../../../../arm-none-eabi/lib/thumb/v7e-m\libc.a(lib_a-lock.o)
__lock___arc4random_mutex
                    0x1               c:/program files (x86)/atmel/studio/7.0/toolchain/arm/arm-gnu-toolchain/bin/../lib/gcc/arm-none-eabi/6.3.1/../../../../arm-none-eabi/lib/thumb/v7e-m\libc.a(lib_a-lock.o)
[...]
Memory Configuration

Name             Origin             Length             Attributes
rom              0x00400000         0x00200000         xr
ram              0x20400000         0x00060000         xrw
*default*        0x00000000         0xffffffff

Linker script and memory map

LOAD c:/program files (x86)/atmel/studio/7.0/toolchain/arm/arm-gnu-toolchain/bin/../lib/gcc/arm-none-eabi/6.3.1/thumb/v7e-m/crti.o
LOAD c:/program files (x86)/atmel/studio/7.0/toolchain/arm/arm-gnu-toolchain/bin/../lib/gcc/arm-none-eabi/6.3.1/thumb/v7e-m/crtbegin.o
LOAD c:/program files (x86)/atmel/studio/7.0/toolchain/arm/arm-gnu-toolchain/bin/../lib/gcc/arm-none-eabi/6.3.1/../../../../arm-none-eabi/lib/thumb/v7e-m/crt0.o
LOAD src/ASF/sam/drivers/rtc/rtc.o
LOAD src/ASF/sam/drivers/rtt/rtt.o
LOAD src/ASF/sam/drivers/spi/spi.o
LOAD src/ASF/sam/drivers/tc/tc.o
LOAD src/oled/gfx_mono_framebuffer.o
LOAD src/oled/gfx_mono_generic.o
LOAD src/oled/gfx_mono_text.o
LOAD src/oled/gfx_mono_ug_2832hsweg04.o
LOAD src/oled/ssd1306.o
LOAD src/oled/sysfont.o
LOAD src/ASF/common/services/delay/sam/cycle_counter.o
LOAD src/ASF/common/services/clock/same70/sysclk.o
LOAD src/ASF/common/utils/interrupt/interrupt_sam_nvic.o
LOAD src/ASF/sam/boards/same70_xplained/init.o
LOAD src/ASF/sam/drivers/mpu/mpu.o
LOAD src/ASF/sam/drivers/pio/pio.o
LOAD src/ASF/sam/drivers/pio/pio_handler.o
LOAD src/ASF/sam/drivers/pmc/pmc.o
LOAD src/ASF/sam/drivers/pmc/sleep.o
LOAD src/ASF/sam/utils/cmsis/same70/source/templates/gcc/startup_same70.o
LOAD src/ASF/sam/utils/cmsis/same70/source/templates/system_same70.o
LOAD src/ASF/sam/utils/syscalls/gcc/syscalls.o
LOAD src/main.o
START GROUP
LOAD ../src/ASF/thirdparty/CMSIS/Lib/GCC\libarm_cortexM7lfsp_math_softfp.a
LOAD c:/program files (x86)/atmel/studio/7.0/toolchain/arm/arm-gnu-toolchain/bin/../lib/gcc/arm-none-eabi/6.3.1/../../../../arm-none-eabi/lib/thumb/v7e-m\libm.a
END GROUP
START GROUP
LOAD c:/program files (x86)/atmel/studio/7.0/toolchain/arm/arm-gnu-toolchain/bin/../lib/gcc/arm-none-eabi/6.3.1/thumb/v7e-m\libgcc.a
LOAD c:/program files (x86)/atmel/studio/7.0/toolchain/arm/arm-gnu-toolchain/bin/../lib/gcc/arm-none-eabi/6.3.1/../../../../arm-none-eabi/lib/thumb/v7e-m\libc.a
END GROUP
LOAD c:/program files (x86)/atmel/studio/7.0/toolchain/arm/arm-gnu-toolchain/bin/../lib/gcc/arm-none-eabi/6.3.1/thumb/v7e-m/crtend.o
LOAD c:/program files (x86)/atmel/studio/7.0/toolchain/arm/arm-gnu-toolchain/bin/../lib/gcc/arm-none-eabi/6.3.1/thumb/v7e-m/crtn.o
                0x00002000                STACK_SIZE = DEFINED (STACK_SIZE)?STACK_SIZE:0x2000
                0x2045fffc                __ram_end__ = ((ORIGIN (ram) + LENGTH (ram)) - 0x4)
                0x00000200                HEAP_SIZE = DEFINED (HEAP_SIZE)?HEAP_SIZE:0x200

.text           0x00400000     0x4094
                0x00400000                . = ALIGN (0x4)
                0x00400000                _sfixed = .
 *(.vectors .vectors.*)
 .vectors       0x00400000      0x140 src/ASF/sam/utils/cmsis/same70/source/templates/gcc/startup_same70.o
                0x00400000                exception_table
 *(.text .text.* .gnu.linkonce.t.*)
 .text          0x00400140       0x6c c:/program files (x86)/atmel/studio/7.0/toolchain/arm/arm-gnu-toolchain/bin/../lib/gcc/arm-none-eabi/6.3.1/thumb/v7e-m/crtbegin.o
 .text.rtt_init
                0x004001ac       0x30 src/ASF/sam/drivers/rtt/rtt.o
                0x004001ac                rtt_init
 .text.rtt_sel_source
                0x004001dc       0x58 src/ASF/sam/drivers/rtt/rtt.o
                0x004001dc                rtt_sel_source
 .text.rtt_enable_interrupt
                0x00400234       0x38 src/ASF/sam/drivers/rtt/rtt.o
                0x00400234                rtt_enable_interrupt
 .text.rtt_disable_interrupt
                0x0040026c       0x40 src/ASF/sam/drivers/rtt/rtt.o
                0x0040026c                rtt_disable_interrupt
 .text.rtt_read_timer_value
                0x004002ac       0x2e src/ASF/sam/drivers/rtt/rtt.o
                0x004002ac                rtt_read_timer_value
 .text.rtt_get_status
                0x004002da       0x18 src/ASF/sam/drivers/rtt/rtt.o
                0x004002da                rtt_get_status
 *fill*         0x004002f2        0x2 
 .text.rtt_write_alarm_time
                0x004002f4       0x5c src/ASF/sam/drivers/rtt/rtt.o
                0x004002f4                rtt_write_alarm_time
 .text.spi_get_peripheral_select_mode
                0x00400350       0x26 src/ASF/sam/drivers/spi/spi.o
 *fill*         0x00400376        0x2 
 .text.sysclk_enable_peripheral_clock
                0x00400378       0x1c src/ASF/sam/drivers/spi/spi.o
 .text.spi_enable_clock
                0x00400394       0x3c src/ASF/sam/drivers/spi/spi.o
                0x00400394                spi_enable_clock
 .text.spi_set_peripheral_chip_select_value
                0x004003d0       0x34 src/ASF/sam/drivers/spi/spi.o
                0x004003d0                spi_set_peripheral_chip_select_value
 .text.spi_write
                0x00400404       0x80 src/ASF/sam/drivers/spi/spi.o
                0x00400404                spi_write
 .text.spi_set_clock_polarity
                0x00400484       0x50 src/ASF/sam/drivers/spi/spi.o
                0x00400484                spi_set_clock_polarity
 .text.spi_set_clock_phase
                0x004004d4       0x50 src/ASF/sam/drivers/spi/spi.o
                0x004004d4                spi_set_clock_phase
 .text.spi_configure_cs_behavior
                0x00400524       0xa6 src/ASF/sam/drivers/spi/spi.o
                0x00400524                spi_configure_cs_behavior
 .text.spi_set_bits_per_transfer
                0x004005ca       0x4a src/ASF/sam/drivers/spi/spi.o
                0x004005ca                spi_set_bits_per_transfer
 .text.spi_calc_baudrate_div
                0x00400614       0x3c src/ASF/sam/drivers/spi/spi.o
                0x00400614                spi_calc_baudrate_div
 .text.spi_set_baudrate_div
                0x00400650       0x5e src/ASF/sam/drivers/spi/spi.o
                0x00400650                spi_set_baudrate_div
 *fill*         0x004006ae        0x2 
 .text.gfx_mono_set_framebuffer
                0x004006b0       0x20 src/oled/gfx_mono_framebuffer.o
                0x004006b0                gfx_mono_set_framebuffer
 .text.gfx_mono_framebuffer_put_byte
                0x004006d0       0x38 src/oled/gfx_mono_framebuffer.o
                0x004006d0                gfx_mono_framebuffer_put_byte
 .text.gfx_mono_framebuffer_get_byte
                0x00400708       0x34 src/oled/gfx_mono_framebuffer.o
                0x00400708                gfx_mono_framebuffer_get_byte
 .text.gfx_mono_generic_draw_horizontal_line
                0x0040073c      0x130 src/oled/gfx_mono_generic.o
                0x0040073c                gfx_mono_generic_draw_horizontal_line
 .text.gfx_mono_generic_draw_filled_rect
                0x0040086c       0x50 src/oled/gfx_mono_generic.o
                0x0040086c                gfx_mono_generic_draw_filled_rect
 .text.gfx_mono_draw_char_progmem
                0x004008bc       0xe0 src/oled/gfx_mono_text.o
 .text.gfx_mono_draw_char
                0x0040099c       0x54 src/oled/gfx_mono_text.o
                0x0040099c                gfx_mono_draw_char
 .text.gfx_mono_draw_string
                0x004009f0       0x6c src/oled/gfx_mono_text.o
                0x004009f0                gfx_mono_draw_string
 .text.ssd1306_set_page_address
                0x00400a5c       0x2c src/oled/gfx_mono_ug_2832hsweg04.o
 .text.ssd1306_set_column_address
                0x00400a88       0x40 src/oled/gfx_mono_ug_2832hsweg04.o
 .text.ssd1306_set_display_start_line_address
                0x00400ac8       0x2c src/oled/gfx_mono_ug_2832hsweg04.o
 .text.gfx_mono_ssd1306_init
                0x00400af4       0x64 src/oled/gfx_mono_ug_2832hsweg04.o
                0x00400af4                gfx_mono_ssd1306_init
 .text.gfx_mono_ssd1306_draw_pixel
                0x00400b58       0x9c src/oled/gfx_mono_ug_2832hsweg04.o
                0x00400b58                gfx_mono_ssd1306_draw_pixel
 .text.gfx_mono_ssd1306_put_byte
                0x00400bf4       0x84 src/oled/gfx_mono_ug_2832hsweg04.o
                0x00400bf4                gfx_mono_ssd1306_put_byte
 .text.gfx_mono_ssd1306_get_byte
                0x00400c78       0x2c src/oled/gfx_mono_ug_2832hsweg04.o
                0x00400c78                gfx_mono_ssd1306_get_byte
 .text.osc_get_rate
                0x00400ca4       0x74 src/oled/ssd1306.o
 .text.sysclk_get_main_hz
                0x00400d18       0x20 src/oled/ssd1306.o
 .text.sysclk_get_cpu_hz
                0x00400d38       0x14 src/oled/ssd1306.o
 .text.sysclk_get_peripheral_hz
                0x00400d4c       0x14 src/oled/ssd1306.o
 .text.ioport_enable_pin
                0x00400d60       0x4c src/oled/ssd1306.o
 .text.ioport_set_pin_mode
                0x00400dac      0x11c src/oled/ssd1306.o
 .text.ioport_set_pin_dir
                0x00400ec8       0x88 src/oled/ssd1306.o
 .text.ioport_set_pin_level
                0x00400f50       0x6c src/oled/ssd1306.o
 .text.spi_reset
                0x00400fbc       0x1a src/oled/ssd1306.o
 .text.spi_enable
                0x00400fd6       0x1a src/oled/ssd1306.o
 .text.spi_disable
                0x00400ff0       0x1a src/oled/ssd1306.o
 .text.spi_set_master_mode
                0x0040100a       0x20 src/oled/ssd1306.o
 .text.spi_set_fixed_peripheral_select
                0x0040102a       0x20 src/oled/ssd1306.o
 .text.spi_disable_mode_fault_detect
                0x0040104a       0x20 src/oled/ssd1306.o
 .text.spi_disable_loopback
                0x0040106a       0x20 src/oled/ssd1306.o
 *fill*         0x0040108a        0x2 
 .text.ssd1306_hard_reset
                0x0040108c       0x54 src/oled/ssd1306.o
 .text.ssd1306_display_on
                0x004010e0       0x14 src/oled/ssd1306.o
 .text.ssd1306_set_contrast
                0x004010f4       0x28 src/oled/ssd1306.o
 .text.ssd1306_display_invert_disable
                0x0040111c       0x14 src/oled/ssd1306.o
 .text.ssd1306_interface_init
                0x00401130      0x180 src/oled/ssd1306.o
 .text.ssd1306_init
                0x004012b0       0xb0 src/oled/ssd1306.o
                0x004012b0                ssd1306_init
 .text.ssd1306_write_command
                0x00401360       0xa4 src/oled/ssd1306.o
                0x00401360                ssd1306_write_command
 .text.ssd1306_write_data
                0x00401404       0xa4 src/oled/ssd1306.o
                0x00401404                ssd1306_write_data
 .text.osc_enable
                0x004014a8       0x88 src/ASF/common/services/clock/same70/sysclk.o
 .text.osc_is_ready
                0x00401530       0x70 src/ASF/common/services/clock/same70/sysclk.o
 .text.osc_get_rate
                0x004015a0       0x74 src/ASF/common/services/clock/same70/sysclk.o
 .text.osc_wait_ready
                0x00401614       0x2c src/ASF/common/services/clock/same70/sysclk.o
 .text.pll_config_init
                0x00401640       0x6c src/ASF/common/services/clock/same70/sysclk.o
 .text.pll_enable
                0x004016ac       0x40 src/ASF/common/services/clock/same70/sysclk.o
 .text.pll_is_locked
                0x004016ec       0x2c src/ASF/common/services/clock/same70/sysclk.o
 .text.pll_enable_source
                0x00401718       0x38 src/ASF/common/services/clock/same70/sysclk.o
 .text.pll_wait_for_lock
                0x00401750       0x24 src/ASF/common/services/clock/same70/sysclk.o
 .text.sysclk_get_main_hz
                0x00401774       0x20 src/ASF/common/services/clock/same70/sysclk.o
 .text.sysclk_get_cpu_hz
                0x00401794       0x14 src/ASF/common/services/clock/same70/sysclk.o
 .text.sysclk_init
                0x004017a8       0x7c src/ASF/common/services/clock/same70/sysclk.o
                0x004017a8                sysclk_init
 .text.SCB_EnableICache
                0x00401824       0x38 src/ASF/sam/boards/same70_xplained/init.o
 .text.SCB_EnableDCache
                0x0040185c       0xa4 src/ASF/sam/boards/same70_xplained/init.o
 .text.sysclk_enable_peripheral_clock
                0x00401900       0x1c src/ASF/sam/boards/same70_xplained/init.o
 .text.ioport_init
                0x0040191c       0x2c src/ASF/sam/boards/same70_xplained/init.o
 .text.ioport_set_pin_mode
                0x00401948      0x11c src/ASF/sam/boards/same70_xplained/init.o
 .text.ioport_set_pin_dir
                0x00401a64       0x88 src/ASF/sam/boards/same70_xplained/init.o
 .text.ioport_set_pin_level
                0x00401aec       0x6c src/ASF/sam/boards/same70_xplained/init.o
 .text.ioport_set_pin_sense_mode
                0x00401b58       0xd0 src/ASF/sam/boards/same70_xplained/init.o
 .text.tcm_disable
                0x00401c28       0x44 src/ASF/sam/boards/same70_xplained/init.o
 .text.board_init
                0x00401c6c       0x84 src/ASF/sam/boards/same70_xplained/init.o
                0x00401c6c                board_init
 .text.pio_pull_up
                0x00401cf0       0x2c src/ASF/sam/drivers/pio/pio.o
                0x00401cf0                pio_pull_up
 .text.pio_set  0x00401d1c       0x1c src/ASF/sam/drivers/pio/pio.o
                0x00401d1c                pio_set
 .text.pio_clear
                0x00401d38       0x1c src/ASF/sam/drivers/pio/pio.o
                0x00401d38                pio_clear
 .text.pio_get  0x00401d54       0x46 src/ASF/sam/drivers/pio/pio.o
                0x00401d54                pio_get
 .text.pio_set_peripheral
                0x00401d9a      0x110 src/ASF/sam/drivers/pio/pio.o
                0x00401d9a                pio_set_peripheral
 *fill*         0x00401eaa        0x2 
 .text.pio_set_input
                0x00401eac       0x80 src/ASF/sam/drivers/pio/pio.o
                0x00401eac                pio_set_input
 .text.pio_set_output
                0x00401f2c       0x64 src/ASF/sam/drivers/pio/pio.o
                0x00401f2c                pio_set_output
 .text.pio_configure
                0x00401f90       0xcc src/ASF/sam/drivers/pio/pio.o
                0x00401f90                pio_configure
 .text.pio_configure_interrupt
                0x0040205c       0x6c src/ASF/sam/drivers/pio/pio.o
                0x0040205c                pio_configure_interrupt
 .text.pio_enable_interrupt
                0x004020c8       0x1c src/ASF/sam/drivers/pio/pio.o
                0x004020c8                pio_enable_interrupt
 .text.pio_disable_interrupt
                0x004020e4       0x1c src/ASF/sam/drivers/pio/pio.o
                0x004020e4                pio_disable_interrupt
 .text.pio_get_interrupt_status
                0x00402100       0x18 src/ASF/sam/drivers/pio/pio.o
                0x00402100                pio_get_interrupt_status
 .text.pio_get_interrupt_mask
                0x00402118       0x18 src/ASF/sam/drivers/pio/pio.o
                0x00402118                pio_get_interrupt_mask
 .text.pio_handler_process
                0x00402130       0xb4 src/ASF/sam/drivers/pio/pio_handler.o
                0x00402130                pio_handler_process
 .text.pio_handler_set
                0x004021e4       0xa0 src/ASF/sam/drivers/pio/pio_handler.o
                0x004021e4                pio_handler_set
 .text.PIOA_Handler
                0x00402284       0x18 src/ASF/sam/drivers/pio/pio_handler.o
                0x00402284                PIOA_Handler
 .text.PIOB_Handler
                0x0040229c       0x18 src/ASF/sam/drivers/pio/pio_handler.o
                0x0040229c                PIOB_Handler
 .text.PIOC_Handler
                0x004022b4       0x18 src/ASF/sam/drivers/pio/pio_handler.o
                0x004022b4                PIOC_Handler
 .text.PIOD_Handler
                0x004022cc       0x18 src/ASF/sam/drivers/pio/pio_handler.o
                0x004022cc                PIOD_Handler
 .text.PIOE_Handler
                0x004022e4       0x18 src/ASF/sam/drivers/pio/pio_handler.o
                0x004022e4                PIOE_Handler
 .text.pmc_mck_set_division
                0x004022fc       0x7c src/ASF/sam/drivers/pmc/pmc.o
                0x004022fc                pmc_mck_set_division
 .text.pmc_switch_mck_to_pllack
                0x00402378       0x84 src/ASF/sam/drivers/pmc/pmc.o
                0x00402378                pmc_switch_mck_to_pllack
 .text.pmc_switch_sclk_to_32kxtal
                0x004023fc       0x38 src/ASF/sam/drivers/pmc/pmc.o
                0x004023fc                pmc_switch_sclk_to_32kxtal
 .text.pmc_osc_is_ready_32kxtal
                0x00402434       0x34 src/ASF/sam/drivers/pmc/pmc.o
                0x00402434                pmc_osc_is_ready_32kxtal
 .text.pmc_switch_mainck_to_fastrc
                0x00402468       0x70 src/ASF/sam/drivers/pmc/pmc.o
                0x00402468                pmc_switch_mainck_to_fastrc
 .text.pmc_switch_mainck_to_xtal
                0x004024d8       0x78 src/ASF/sam/drivers/pmc/pmc.o
                0x004024d8                pmc_switch_mainck_to_xtal
 .text.pmc_osc_is_ready_mainck
                0x00402550       0x1c src/ASF/sam/drivers/pmc/pmc.o
                0x00402550                pmc_osc_is_ready_mainck
 .text.pmc_disable_pllack
                0x0040256c       0x1c src/ASF/sam/drivers/pmc/pmc.o
                0x0040256c                pmc_disable_pllack
 .text.pmc_is_locked_pllack
                0x00402588       0x1c src/ASF/sam/drivers/pmc/pmc.o
                0x00402588                pmc_is_locked_pllack
 .text.pmc_is_locked_upll
                0x004025a4       0x1c src/ASF/sam/drivers/pmc/pmc.o
                0x004025a4                pmc_is_locked_upll
 .text.pmc_enable_periph_clk
                0x004025c0       0x84 src/ASF/sam/drivers/pmc/pmc.o
                0x004025c0                pmc_enable_periph_clk
 .text.cpu_irq_save
                0x00402644       0x38 src/ASF/sam/utils/cmsis/same70/source/templates/gcc/startup_same70.o
 .text.cpu_irq_is_enabled_flags
                0x0040267c       0x20 src/ASF/sam/utils/cmsis/same70/source/templates/gcc/startup_same70.o
 .text.cpu_irq_restore
                0x0040269c       0x30 src/ASF/sam/utils/cmsis/same70/source/templates/gcc/startup_same70.o
 .text.Reset_Handler
                0x004026cc       0xb0 src/ASF/sam/utils/cmsis/same70/source/templates/gcc/startup_same70.o
                0x004026cc                Reset_Handler
 .text.Dummy_Handler
                0x0040277c        0x6 src/ASF/sam/utils/cmsis/same70/source/templates/gcc/startup_same70.o
                0x0040277c                DACC_Handler
                0x0040277c                DebugMon_Handler
                0x0040277c                UART3_Handler
                0x0040277c                UART2_Handler
                0x0040277c                TRNG_Handler
                0x0040277c                HardFault_Handler
                0x0040277c                TC2_Handler
                0x0040277c                SysTick_Handler
                0x0040277c                AFEC1_Handler
                0x0040277c                PendSV_Handler
                0x0040277c                NMI_Handler
                0x0040277c                TC7_Handler
                0x0040277c                QSPI_Handler
                0x0040277c                ISI_Handler
                0x0040277c                TC9_Handler
                0x0040277c                RSWDT_Handler
                0x0040277c                MCAN1_Handler
                0x0040277c                USART0_Handler
                0x0040277c                USBHS_Handler
                0x0040277c                RTC_Handler
                0x0040277c                UsageFault_Handler
                0x0040277c                TC6_Handler
                0x0040277c                WDT_Handler
                0x0040277c                TC4_Handler
                0x0040277c                TC1_Handler
                0x0040277c                HSMCI_Handler
                0x0040277c                UART1_Handler
                0x0040277c                TC3_Handler
                0x0040277c                Dummy_Handler
                0x0040277c                TWIHS1_Handler
                0x0040277c                XDMAC_Handler
                0x0040277c                UART4_Handler
                0x0040277c                PWM1_Handler
                0x0040277c                USART1_Handler
                0x0040277c                PWM0_Handler
                0x0040277c                AFEC0_Handler
                0x0040277c                TC11_Handler
                0x0040277c                SSC_Handler
                0x0040277c                ACC_Handler
                0x0040277c                PMC_Handler
                0x0040277c                GMAC_Handler
                0x0040277c                MemManage_Handler
                0x0040277c                SUPC_Handler
                0x0040277c                SVC_Handler
                0x0040277c                TC8_Handler
                0x0040277c                EFC_Handler
                0x0040277c                USART2_Handler
                0x0040277c                SDRAMC_Handler
                0x0040277c                SPI1_Handler
                0x0040277c                MCAN0_Handler
                0x0040277c                TC10_Handler
                0x0040277c                TWIHS2_Handler
                0x0040277c                UART0_Handler
                0x0040277c                BusFault_Handler
                0x0040277c                RSTC_Handler
                0x0040277c                TC0_Handler
                0x0040277c                TC5_Handler
                0x0040277c                AES_Handler
                0x0040277c                ICM_Handler
                0x0040277c                TWIHS0_Handler
                0x0040277c                SPI0_Handler
 *fill*         0x00402782        0x2 
 .text.SystemCoreClockUpdate
                0x00402784      0x168 src/ASF/sam/utils/cmsis/same70/source/templates/system_same70.o
                0x00402784                SystemCoreClockUpdate
 .text.system_init_flash
                0x004028ec       0xb0 src/ASF/sam/utils/cmsis/same70/source/templates/system_same70.o
                0x004028ec                system_init_flash
 .text.NVIC_EnableIRQ
                0x0040299c       0x34 src/main.o
 .text.NVIC_DisableIRQ
                0x004029d0       0x34 src/main.o
 .text.NVIC_ClearPendingIRQ
                0x00402a04       0x34 src/main.o
 .text.NVIC_SetPriority
                0x00402a38       0x54 src/main.o
 .text.but1_callback
                0x00402a8c       0x38 src/main.o
                0x00402a8c                but1_callback
 .text.but2_callback
                0x00402ac4       0x38 src/main.o
                0x00402ac4                but2_callback
 .text.but3_callback
                0x00402afc       0x38 src/main.o
                0x00402afc                but3_callback
 .text.io_init  0x00402b34      0x158 src/main.o
                0x00402b34                io_init
 .text.RTT_init
                0x00402c8c       0xd8 src/main.o
 .text.RTT_Handler
                0x00402d64       0x58 src/main.o
                0x00402d64                RTT_Handler
 .text.main     0x00402dbc      0x364 src/main.o
                0x00402dbc                main
 .text          0x00403120       0x30 c:/program files (x86)/atmel/studio/7.0/toolchain/arm/arm-gnu-toolchain/bin/../lib/gcc/arm-none-eabi/6.3.1/thumb/v7e-m\libgcc.a(_aeabi_uldivmod.o)
                0x00403120                __aeabi_uldivmod
 .text          0x00403150      0x2dc c:/program files (x86)/atmel/studio/7.0/toolchain/arm/arm-gnu-toolchain/bin/../lib/gcc/arm-none-eabi/6.3.1/thumb/v7e-m\libgcc.a(_udivmoddi4.o)
                0x00403150                __udivmoddi4
 .text          0x0040342c        0x4 c:/program files (x86)/atmel/studio/7.0/toolchain/arm/arm-gnu-toolchain/bin/../lib/gcc/arm-none-eabi/6.3.1/thumb/v7e-m\libgcc.a(_dvmd_tls.o)
                0x0040342c                __aeabi_idiv0
                0x0040342c                __aeabi_ldiv0
 .text.__libc_init_array
                0x00403430       0x50 c:/program files (x86)/atmel/studio/7.0/toolchain/arm/arm-gnu-toolchain/bin/../lib/gcc/arm-none-eabi/6.3.1/../../../../arm-none-eabi/lib/thumb/v7e-m\libc.a(lib_a-init.o)
                0x00403430                __libc_init_array
 .text.startup.register_fini
                0x00403480       0x14 c:/program files (x86)/atmel/studio/7.0/toolchain/arm/arm-gnu-toolchain/bin/../lib/gcc/arm-none-eabi/6.3.1/../../../../arm-none-eabi/lib/thumb/v7e-m\libc.a(lib_a-__call_atexit.o)
 .text.atexit   0x00403494        0xc c:/program files (x86)/atmel/studio/7.0/toolchain/arm/arm-gnu-toolchain/bin/../lib/gcc/arm-none-eabi/6.3.1/../../../../arm-none-eabi/lib/thumb/v7e-m\libc.a(lib_a-atexit.o)
                0x00403494                atexit
 .text.__libc_fini_array
                0x004034a0       0x34 c:/program files (x86)/atmel/studio/7.0/toolchain/arm/arm-gnu-toolchain/bin/../lib/gcc/arm-none-eabi/6.3.1/../../../../arm-none-eabi/lib/thumb/v7e-m\libc.a(lib_a-fini.o)
                0x004034a0                __libc_fini_array
 .text.__retarget_lock_acquire_recursive
                0x004034d4        0x4 c:/program files (x86)/atmel/studio/7.0/toolchain/arm/arm-gnu-toolchain/bin/../lib/gcc/arm-none-eabi/6.3.1/../../../../arm-none-eabi/lib/thumb/v7e-m\libc.a(lib_a-lock.o)
                0x004034d4                __retarget_lock_acquire_recursive
 .text.__retarget_lock_release_recursive
                0x004034d8        0x4 c:/program files (x86)/atmel/studio/7.0/toolchain/arm/arm-gnu-toolchain/bin/../lib/gcc/arm-none-eabi/6.3.1/../../../../arm-none-eabi/lib/thumb/v7e-m\libc.a(lib_a-lock.o)
                0x004034d8                __retarget_lock_release_recursive
 .text.__register_exitproc
                0x004034dc       0xc4 c:/program files (x86)/atmel/studio/7.0/toolchain/arm/arm-gnu-toolchain/bin/../lib/gcc/arm-none-eabi/6.3.1/../../../../arm-none-eabi/lib/thumb/v7e-m\libc.a(lib_a-__atexit.o)
                0x004034dc                __register_exitproc
 *(.glue_7t)
 .glue_7t       0x004035a0        0x0 linker stubs
 *(.glue_7)
 .glue_7        0x004035a0        0x0 linker stubs
 *(.rodata .rodata* .gnu.linkonce.r.*)
 .rodata.sysfont_glyphs
                0x004035a0      0xa48 src/oled/sysfont.o
 .rodata        0x00403fe8       0x84 src/main.o
 .rodata._global_impure_ptr
                0x0040406c        0x4 c:/program files (x86)/atmel/studio/7.0/toolchain/arm/arm-gnu-toolchain/bin/../lib/gcc/arm-none-eabi/6.3.1/../../../../arm-none-eabi/lib/thumb/v7e-m\libc.a(lib_a-impure.o)
                0x0040406c                _global_impure_ptr
 *(.ARM.extab* .gnu.linkonce.armextab.*)
                0x00404070                . = ALIGN (0x4)
 *(.init)
 .init          0x00404070        0x4 c:/program files (x86)/atmel/studio/7.0/toolchain/arm/arm-gnu-toolchain/bin/../lib/gcc/arm-none-eabi/6.3.1/thumb/v7e-m/crti.o
                0x00404070                _init
 .init          0x00404074        0x8 c:/program files (x86)/atmel/studio/7.0/toolchain/arm/arm-gnu-toolchain/bin/../lib/gcc/arm-none-eabi/6.3.1/thumb/v7e-m/crtn.o
                0x0040407c                . = ALIGN (0x4)
                0x0040407c                __preinit_array_start = .
 *(.preinit_array)
                0x0040407c                __preinit_array_end = .
                0x0040407c                . = ALIGN (0x4)
                0x0040407c                __init_array_start = .
 *(SORT(.init_array.*))
 .init_array.00000
                0x0040407c        0x4 c:/program files (x86)/atmel/studio/7.0/toolchain/arm/arm-gnu-toolchain/bin/../lib/gcc/arm-none-eabi/6.3.1/../../../../arm-none-eabi/lib/thumb/v7e-m\libc.a(lib_a-__call_atexit.o)
 *(.init_array)
 .init_array    0x00404080        0x4 c:/program files (x86)/atmel/studio/7.0/toolchain/arm/arm-gnu-toolchain/bin/../lib/gcc/arm-none-eabi/6.3.1/thumb/v7e-m/crtbegin.o
                0x00404084                __init_array_end = .
                0x00404084                . = ALIGN (0x4)
 *crtbegin.o(.ctors)
 *(EXCLUDE_FILE(*crtend.o) .ctors)
 *(SORT(.ctors.*))
 *crtend.o(.ctors)
                0x00404084                . = ALIGN (0x4)
 *(.fini)
 .fini          0x00404084        0x4 c:/program files (x86)/atmel/studio/7.0/toolchain/arm/arm-gnu-toolchain/bin/../lib/gcc/arm-none-eabi/6.3.1/thumb/v7e-m/crti.o
                0x00404084                _fini
 .fini          0x00404088        0x8 c:/program files (x86)/atmel/studio/7.0/toolchain/arm/arm-gnu-toolchain/bin/../lib/gcc/arm-none-eabi/6.3.1/thumb/v7e-m/crtn.o
                0x00404090                . = ALIGN (0x4)
                0x00404090                __fini_array_start = .
 *(.fini_array)
 .fini_array    0x00404090        0x4 c:/program files (x86)/atmel/studio/7.0/toolchain/arm/arm-gnu-toolchain/bin/../lib/gcc/arm-none-eabi/6.3.1/thumb/v7e-m/crtbegin.o
 *(SORT(.fini_array.*))
                0x00404094                __fini_array_end = .
 *crtbegin.o(.dtors)
 *(EXCLUDE_FILE(*crtend.o) .dtors)
 *(SORT(.dtors.*))
 *crtend.o(.dtors)
                0x00404094                . = ALIGN (0x4)
                0x00404094                _efixed = .
                [!provide]                PROVIDE (__exidx_start, .)

.vfp11_veneer   0x00404094        0x0
 .vfp11_veneer  0x00404094        0x0 linker stubs

.v4_bx          0x00404094        0x0
 .v4_bx         0x00404094        0x0 linker stubs

.iplt           0x00404094        0x0
 .iplt          0x00404094        0x0 c:/program files (x86)/atmel/studio/7.0/toolchain/arm/arm-gnu-toolchain/bin/../lib/gcc/arm-none-eabi/6.3.1/thumb/v7e-m/crtbegin.o

.ARM.exidx      0x00404094        0x8
 *(.ARM.exidx* .gnu.linkonce.armexidx.*)
 .ARM.exidx     0x00404094        0x8 c:/program files (x86)/atmel/studio/7.0/toolchain/arm/arm-gnu-toolchain/bin/../lib/gcc/arm-none-eabi/6.3.1/thumb/v7e-m\libgcc.a(_udivmoddi4.o)
                [!provide]                PROVIDE (__exidx_end, .)

.eh_frame       0x0040409c        0x0
 .eh_frame      0x0040409c        0x0 c:/program files (x86)/atmel/studio/7.0/toolchain/arm/arm-gnu-toolchain/bin/../lib/gcc/arm-none-eabi/6.3.1/thumb/v7e-m/crtbegin.o

.rel.dyn        0x0040409c        0x0
 .rel.iplt      0x0040409c        0x0 c:/program files (x86)/atmel/studio/7.0/toolchain/arm/arm-gnu-toolchain/bin/../lib/gcc/arm-none-eabi/6.3.1/thumb/v7e-m/crtbegin.o

.jcr            0x0040409c        0x0
 .jcr           0x0040409c        0x0 c:/program files (x86)/atmel/studio/7.0/toolchain/arm/arm-gnu-toolchain/bin/../lib/gcc/arm-none-eabi/6.3.1/thumb/v7e-m/crtbegin.o

.igot.plt       0x0040409c        0x0
 .igot.plt      0x0040409c        0x0 c:/program files (x86)/atmel/studio/7.0/toolchain/arm/arm-gnu-toolchain/bin/../lib/gcc/arm-none-eabi/6.3.1/thumb/v7e-m/crtbegin.o
                0x0040409c                . = ALIGN (0x4)
                0x0040409c                _etext = .

.relocate       0x20400000      0x44c load address 0x0040409c
                0x20400000                . = ALIGN (0x4)
                0x20400000                _srelocate = .
 *(.ramfunc .ramfunc.*)
 .ramfunc       0x20400000        0xa src/ASF/common/services/delay/sam/cycle_counter.o
                0x20400000                portable_delay_cycles
 *(.data .data.*)
 *fill*         0x2040000a        0x2 
 .data.sysfont  0x2040000c        0xc src/oled/sysfont.o
                0x2040000c                sysfont
 .data.g_interrupt_enabled
                0x20400018        0x1 src/ASF/common/utils/interrupt/interrupt_sam_nvic.o
                0x20400018                g_interrupt_enabled
 *fill*         0x20400019        0x3 
 .data.SystemCoreClock
                0x2040001c        0x4 src/ASF/sam/utils/cmsis/same70/source/templates/system_same70.o
                0x2040001c                SystemCoreClock
 .data.impure_data
                0x20400020      0x428 c:/program files (x86)/atmel/studio/7.0/toolchain/arm/arm-gnu-toolchain/bin/../lib/gcc/arm-none-eabi/6.3.1/../../../../arm-none-eabi/lib/thumb/v7e-m\libc.a(lib_a-impure.o)
 .data.__atexit_recursive_mutex
                0x20400448        0x4 c:/program files (x86)/atmel/studio/7.0/toolchain/arm/arm-gnu-toolchain/bin/../lib/gcc/arm-none-eabi/6.3.1/../../../../arm-none-eabi/lib/thumb/v7e-m\libc.a(lib_a-__call_atexit.o)
                0x20400448                __atexit_recursive_mutex
                0x2040044c                . = ALIGN (0x4)
                0x2040044c                _erelocate = .

.bss            0x2040044c      0x2c0 load address 0x004044e8
                0x2040044c                . = ALIGN (0x4)
                0x2040044c                _sbss = .
                0x2040044c                _szero = .
 *(.bss .bss.*)
 .bss           0x2040044c       0x1c c:/program files (x86)/atmel/studio/7.0/toolchain/arm/arm-gnu-toolchain/bin/../lib/gcc/arm-none-eabi/6.3.1/thumb/v7e-m/crtbegin.o
 .bss.g_wobits_in_rtt_mr
                0x20400468        0x4 src/ASF/sam/drivers/rtt/rtt.o
 .bss.fbpointer
                0x2040046c        0x4 src/oled/gfx_mono_framebuffer.o
 .bss.framebuffer
                0x20400470      0x200 src/oled/gfx_mono_ug_2832hsweg04.o
 .bss.gs_interrupt_sources
                0x20400670       0x70 src/ASF/sam/drivers/pio/pio_handler.o
 .bss.gs_ul_nb_sources
                0x204006e0        0x4 src/ASF/sam/drivers/pio/pio_handler.o
 .bss.BUT1_flag
                0x204006e4        0x1 src/main.o
                0x204006e4                BUT1_flag
 .bss.BUT2_flag
                0x204006e5        0x1 src/main.o
                0x204006e5                BUT2_flag
 .bss.BUT3_flag
                0x204006e6        0x1 src/main.o
                0x204006e6                BUT3_flag
 .bss.RTT_flag  0x204006e7        0x1 src/main.o
                0x204006e7                RTT_flag
 *(COMMON)
 COMMON         0x204006e8       0x21 c:/program files (x86)/atmel/studio/7.0/toolchain/arm/arm-gnu-toolchain/bin/../lib/gcc/arm-none-eabi/6.3.1/../../../../arm-none-eabi/lib/thumb/v7e-m\libc.a(lib_a-lock.o)
                0x204006e8                __lock___atexit_recursive_mutex
                0x204006ec                __lock___arc4random_mutex
                0x204006f0                __lock___env_recursive_mutex
                0x204006f4                __lock___sinit_recursive_mutex
                0x204006f8                __lock___malloc_recursive_mutex
                0x204006fc                __lock___at_quick_exit_mutex
                0x20400700                __lock___dd_hash_mutex
                0x20400704                __lock___tz_mutex
                0x20400708                __lock___sfp_recursive_mutex
                0x2040070c                . = ALIGN (0x4)
 *fill*         0x20400709        0x3 
                0x2040070c                _ebss = .
                0x2040070c                _ezero = .

.stack          0x2040070c     0x2004 load address 0x004047a8
                0x20400710                . = ALIGN (0x8)
 *fill*         0x2040070c        0x4 
                0x20400710                _sstack = .
                0x20402710                . = (. + STACK_SIZE)
 *fill*         0x20400710     0x2000 
                0x20402710                . = ALIGN (0x8)
                0x20402710                _estack = .

.heap           0x20402710      0x200 load address 0x004067ac
                0x20402710                . = ALIGN (0x8)
                0x20402710                _sheap = .
                0x20402910                . = (. + HEAP_SIZE)
 *fill*         0x20402710      0x200 
                0x20402910                . = ALIGN (0x8)
                0x20402910                _eheap = .
                0x20402910                . = ALIGN (0x4)
                0x20402910                _end = .
                0x2045ffff                _ram_end_ = ((ORIGIN (ram) + LENGTH (ram)) - 0x1)
OUTPUT(OLED1.elf elf32-littlearm)

.ARM.attributes
                0x00000000       0x2e
 .ARM.attributes
                0x00000000       0x1e c:/program files (x86)/atmel/studio/7.0/toolchain/arm/arm-gnu-toolchain/bin/../lib/gcc/arm-none-eabi/6.3.1/thumb/v7e-m/crti.o
 .ARM.attributes
                0x0000001e       0x2e c:/program files (x86)/atmel/studio/7.0/toolchain/arm/arm-gnu-toolchain/bin/../lib/gcc/arm-none-eabi/6.3.1/thumb/v7e-m/crtbegin.o
 .ARM.attributes
                0x0000004c       0x37 src/ASF/sam/drivers/rtt/rtt.o
 .ARM.attributes
                0x00000083       0x37 src/ASF/sam/drivers/spi/spi.o
 .ARM.attributes
                0x000000ba       0x37 src/oled/gfx_mono_framebuffer.o
 .ARM.attributes
                0x000000f1       0x37 src/oled/gfx_mono_generic.o
 .ARM.attributes
                0x00000128       0x37 src/oled/gfx_mono_text.o
 .ARM.attributes
                0x0000015f       0x37 src/oled/gfx_mono_ug_2832hsweg04.o
 .ARM.attributes
                0x00000196       0x37 src/oled/ssd1306.o
 .ARM.attributes
                0x000001cd       0x37 src/oled/sysfont.o
 .ARM.attributes
                0x00000204       0x37 src/ASF/common/services/delay/sam/cycle_counter.o
 .ARM.attributes
                0x0000023b       0x37 src/ASF/common/services/clock/same70/sysclk.o
 .ARM.attributes
                0x00000272       0x37 src/ASF/common/utils/interrupt/interrupt_sam_nvic.o
 .ARM.attributes
                0x000002a9       0x37 src/ASF/sam/boards/same70_xplained/init.o
 .ARM.attributes
                0x000002e0       0x37 src/ASF/sam/drivers/pio/pio.o
 .ARM.attributes
                0x00000317       0x37 src/ASF/sam/drivers/pio/pio_handler.o
 .ARM.attributes
                0x0000034e       0x37 src/ASF/sam/drivers/pmc/pmc.o
 .ARM.attributes
                0x00000385       0x37 src/ASF/sam/utils/cmsis/same70/source/templates/gcc/startup_same70.o
 .ARM.attributes
                0x000003bc       0x37 src/ASF/sam/utils/cmsis/same70/source/templates/system_same70.o
 .ARM.attributes
                0x000003f3       0x37 src/main.o
 .ARM.attributes
                0x0000042a       0x1e c:/program files (x86)/atmel/studio/7.0/toolchain/arm/arm-gnu-toolchain/bin/../lib/gcc/arm-none-eabi/6.3.1/thumb/v7e-m\libgcc.a(_aeabi_uldivmod.o)
 .ARM.attributes
                0x00000448       0x2e c:/program files (x86)/atmel/studio/7.0/toolchain/arm/arm-gnu-toolchain/bin/../lib/gcc/arm-none-eabi/6.3.1/thumb/v7e-m\libgcc.a(_udivmoddi4.o)
 .ARM.attributes
                0x00000476       0x1e c:/program files (x86)/atmel/studio/7.0/toolchain/arm/arm-gnu-toolchain/bin/../lib/gcc/arm-none-eabi/6.3.1/thumb/v7e-m\libgcc.a(_dvmd_tls.o)
 .ARM.attributes
                0x00000494       0x2e c:/program files (x86)/atmel/studio/7.0/toolchain/arm/arm-gnu-toolchain/bin/../lib/gcc/arm-none-eabi/6.3.1/../../../../arm-none-eabi/lib/thumb/v7e-m\libc.a(lib_a-impure.o)
 .ARM.attributes
                0x000004c2       0x2e c:/program files (x86)/atmel/studio/7.0/toolchain/arm/arm-gnu-toolchain/bin/../lib/gcc/arm-none-eabi/6.3.1/../../../../arm-none-eabi/lib/thumb/v7e-m\libc.a(lib_a-init.o)
 .ARM.attributes
                0x000004f0       0x2e c:/program files (x86)/atmel/studio/7.0/toolchain/arm/arm-gnu-toolchain/bin/../lib/gcc/arm-none-eabi/6.3.1/../../../../arm-none-eabi/lib/thumb/v7e-m\libc.a(lib_a-__call_atexit.o)
 .ARM.attributes
                0x0000051e       0x2e c:/program files (x86)/atmel/studio/7.0/toolchain/arm/arm-gnu-toolchain/bin/../lib/gcc/arm-none-eabi/6.3.1/../../../../arm-none-eabi/lib/thumb/v7e-m\libc.a(lib_a-atexit.o)
 .ARM.attributes
                0x0000054c       0x2e c:/program files (x86)/atmel/studio/7.0/toolchain/arm/arm-gnu-toolchain/bin/../lib/gcc/arm-none-eabi/6.3.1/../../../../arm-none-eabi/lib/thumb/v7e-m\libc.a(lib_a-fini.o)
 .ARM.attributes
                0x0000057a       0x2e c:/program files (x86)/atmel/studio/7.0/toolchain/arm/arm-gnu-toolchain/bin/../lib/gcc/arm-none-eabi/6.3.1/../../../../arm-none-eabi/lib/thumb/v7e-m\libc.a(lib_a-lock.o)
 .ARM.attributes
                0x000005a8       0x2e c:/program files (x86)/atmel/studio/7.0/toolchain/arm/arm-gnu-toolchain/bin/../lib/gcc/arm-none-eabi/6.3.1/../../../../arm-none-eabi/lib/thumb/v7e-m\libc.a(lib_a-__atexit.o)
 .ARM.attributes
                0x000005d6       0x1e c:/program files (x86)/atmel/studio/7.0/toolchain/arm/arm-gnu-toolchain/bin/../lib/gcc/arm-none-eabi/6.3.1/thumb/v7e-m/crtn.o

.comment        0x00000000       0x59
 .comment       0x00000000       0x59 src/ASF/sam/drivers/rtt/rtt.o
                                 0x5a (size before relaxing)
 .comment       0x00000059       0x5a src/ASF/sam/drivers/spi/spi.o
 .comment       0x00000059       0x5a src/oled/gfx_mono_framebuffer.o
 .comment       0x00000059       0x5a src/oled/gfx_mono_generic.o
 .comment       0x00000059       0x5a src/oled/gfx_mono_text.o
 .comment       0x00000059       0x5a src/oled/gfx_mono_ug_2832hsweg04.o
 .comment       0x00000059       0x5a src/oled/ssd1306.o
 .comment       0x00000059       0x5a src/oled/sysfont.o
 .comment       0x00000059       0x5a src/ASF/common/services/delay/sam/cycle_counter.o
 .comment       0x00000059       0x5a src/ASF/common/services/clock/same70/sysclk.o
 .comment       0x00000059       0x5a src/ASF/common/utils/interrupt/interrupt_sam_nvic.o
 .comment       0x00000059       0x5a src/ASF/sam/boards/same70_xplained/init.o
 .comment       0x00000059       0x5a src/ASF/sam/drivers/pio/pio.o
 .comment       0x00000059       0x5a src/ASF/sam/drivers/pio/pio_handler.o
 .comment       0x00000059       0x5a src/ASF/sam/drivers/pmc/pmc.o
 .comment       0x00000059       0x5a src/ASF/sam/utils/cmsis/same70/source/templates/gcc/startup_same70.o
 .comment       0x00000059       0x5a src/ASF/sam/utils/cmsis/same70/source/templates/system_same70.o
 .comment       0x00000059       0x5a src/main.o

.debug_info     0x00000000    0x152ab
 .debug_info    0x00000000      0xcaf src/ASF/sam/drivers/rtt/rtt.o
 .debug_info    0x00000caf     0x10ff src/ASF/sam/drivers/spi/spi.o
 .debug_info    0x00001dae      0xd75 src/oled/gfx_mono_framebuffer.o
 .debug_info    0x00002b23     0x114a src/oled/gfx_mono_generic.o
 .debug_info    0x00003c6d      0xeb8 src/oled/gfx_mono_text.o
 .debug_info    0x00004b25      0xf32 src/oled/gfx_mono_ug_2832hsweg04.o
 .debug_info    0x00005a57     0x1c29 src/oled/ssd1306.o
 .debug_info    0x00007680      0xb06 src/oled/sysfont.o
 .debug_info    0x00008186      0xa45 src/ASF/common/services/delay/sam/cycle_counter.o
 .debug_info    0x00008bcb     0x12d4 src/ASF/common/services/clock/same70/sysclk.o
 .debug_info    0x00009e9f      0xb06 src/ASF/common/utils/interrupt/interrupt_sam_nvic.o
 .debug_info    0x0000a9a5     0x1c75 src/ASF/sam/boards/same70_xplained/init.o
 .debug_info    0x0000c61a     0x1cbf src/ASF/sam/drivers/pio/pio.o
 .debug_info    0x0000e2d9     0x1a18 src/ASF/sam/drivers/pio/pio_handler.o
 .debug_info    0x0000fcf1     0x1df9 src/ASF/sam/drivers/pmc/pmc.o
 .debug_info    0x00011aea     0x157c src/ASF/sam/utils/cmsis/same70/source/templates/gcc/startup_same70.o
 .debug_info    0x00013066      0x55f src/ASF/sam/utils/cmsis/same70/source/templates/system_same70.o
 .debug_info    0x000135c5     0x1ce6 src/main.o

.debug_abbrev   0x00000000     0x2d2e
 .debug_abbrev  0x00000000      0x203 src/ASF/sam/drivers/rtt/rtt.o
 .debug_abbrev  0x00000203      0x2c2 src/ASF/sam/drivers/spi/spi.o
 .debug_abbrev  0x000004c5      0x217 src/oled/gfx_mono_framebuffer.o
 .debug_abbrev  0x000006dc      0x26b src/oled/gfx_mono_generic.o
 .debug_abbrev  0x00000947      0x281 src/oled/gfx_mono_text.o
 .debug_abbrev  0x00000bc8      0x2b6 src/oled/gfx_mono_ug_2832hsweg04.o
 .debug_abbrev  0x00000e7e      0x3de src/oled/ssd1306.o
 .debug_abbrev  0x0000125c      0x1b6 src/oled/sysfont.o
 .debug_abbrev  0x00001412      0x1b3 src/ASF/common/services/delay/sam/cycle_counter.o
 .debug_abbrev  0x000015c5      0x296 src/ASF/common/services/clock/same70/sysclk.o
 .debug_abbrev  0x0000185b      0x214 src/ASF/common/utils/interrupt/interrupt_sam_nvic.o
 .debug_abbrev  0x00001a6f      0x3eb src/ASF/sam/boards/same70_xplained/init.o
 .debug_abbrev  0x00001e5a      0x296 src/ASF/sam/drivers/pio/pio.o
 .debug_abbrev  0x000020f0      0x2c9 src/ASF/sam/drivers/pio/pio_handler.o
 .debug_abbrev  0x000023b9      0x2c5 src/ASF/sam/drivers/pmc/pmc.o
 .debug_abbrev  0x0000267e      0x2e8 src/ASF/sam/utils/cmsis/same70/source/templates/gcc/startup_same70.o
 .debug_abbrev  0x00002966      0x102 src/ASF/sam/utils/cmsis/same70/source/templates/system_same70.o
 .debug_abbrev  0x00002a68      0x2c6 src/main.o

.debug_loc      0x00000000     0x5512
 .debug_loc     0x00000000      0x330 src/ASF/sam/drivers/rtt/rtt.o
 .debug_loc     0x00000330      0x630 src/ASF/sam/drivers/spi/spi.o
 .debug_loc     0x00000960      0x2bc src/oled/gfx_mono_framebuffer.o
 .debug_loc     0x00000c1c      0x280 src/oled/gfx_mono_generic.o
 .debug_loc     0x00000e9c      0x1f8 src/oled/gfx_mono_text.o
 .debug_loc     0x00001094      0x3c0 src/oled/gfx_mono_ug_2832hsweg04.o
 .debug_loc     0x00001454      0x6e8 src/oled/ssd1306.o
 .debug_loc     0x00001b3c      0x4a0 src/ASF/common/services/clock/same70/sysclk.o
 .debug_loc     0x00001fdc       0xa0 src/ASF/common/utils/interrupt/interrupt_sam_nvic.o
 .debug_loc     0x0000207c      0x2fc src/ASF/sam/boards/same70_xplained/init.o
 .debug_loc     0x00002378     0x1174 src/ASF/sam/drivers/pio/pio.o
 .debug_loc     0x000034ec      0x38c src/ASF/sam/drivers/pio/pio_handler.o
 .debug_loc     0x00003878     0x172c src/ASF/sam/drivers/pmc/pmc.o
 .debug_loc     0x00004fa4      0x16c src/ASF/sam/utils/cmsis/same70/source/templates/gcc/startup_same70.o
 .debug_loc     0x00005110       0xe4 src/ASF/sam/utils/cmsis/same70/source/templates/system_same70.o
 .debug_loc     0x000051f4      0x31e src/main.o

.debug_aranges  0x00000000      0xa00
 .debug_aranges
                0x00000000       0x60 src/ASF/sam/drivers/rtt/rtt.o
 .debug_aranges
                0x00000060       0xa8 src/ASF/sam/drivers/spi/spi.o
 .debug_aranges
                0x00000108       0x58 src/oled/gfx_mono_framebuffer.o
 .debug_aranges
                0x00000160       0x58 src/oled/gfx_mono_generic.o
 .debug_aranges
                0x000001b8       0x48 src/oled/gfx_mono_text.o
 .debug_aranges
                0x00000200       0x78 src/oled/gfx_mono_ug_2832hsweg04.o
 .debug_aranges
                0x00000278       0xd0 src/oled/ssd1306.o
 .debug_aranges
                0x00000348       0x18 src/oled/sysfont.o
 .debug_aranges
                0x00000360       0x20 src/ASF/common/services/delay/sam/cycle_counter.o
 .debug_aranges
                0x00000380       0x98 src/ASF/common/services/clock/same70/sysclk.o
 .debug_aranges
                0x00000418       0x28 src/ASF/common/utils/interrupt/interrupt_sam_nvic.o
 .debug_aranges
                0x00000440       0x68 src/ASF/sam/boards/same70_xplained/init.o
 .debug_aranges
                0x000004a8      0x1a8 src/ASF/sam/drivers/pio/pio.o
 .debug_aranges
                0x00000650       0x80 src/ASF/sam/drivers/pio/pio_handler.o
 .debug_aranges
                0x000006d0      0x250 src/ASF/sam/drivers/pmc/pmc.o
 .debug_aranges
                0x00000920       0x40 src/ASF/sam/utils/cmsis/same70/source/templates/gcc/startup_same70.o
 .debug_aranges
                0x00000960       0x30 src/ASF/sam/utils/cmsis/same70/source/templates/system_same70.o
 .debug_aranges
                0x00000990       0x70 src/main.o

.debug_ranges   0x00000000      0x998
 .debug_ranges  0x00000000       0x50 src/ASF/sam/drivers/rtt/rtt.o
 .debug_ranges  0x00000050       0x98 src/ASF/sam/drivers/spi/spi.o
 .debug_ranges  0x000000e8       0x48 src/oled/gfx_mono_framebuffer.o
 .debug_ranges  0x00000130       0x48 src/oled/gfx_mono_generic.o
 .debug_ranges  0x00000178       0x38 src/oled/gfx_mono_text.o
 .debug_ranges  0x000001b0       0x68 src/oled/gfx_mono_ug_2832hsweg04.o
 .debug_ranges  0x00000218      0x108 src/oled/ssd1306.o
 .debug_ranges  0x00000320       0x10 src/ASF/common/services/delay/sam/cycle_counter.o
 .debug_ranges  0x00000330       0x88 src/ASF/common/services/clock/same70/sysclk.o
 .debug_ranges  0x000003b8       0x18 src/ASF/common/utils/interrupt/interrupt_sam_nvic.o
 .debug_ranges  0x000003d0       0xd0 src/ASF/sam/boards/same70_xplained/init.o
 .debug_ranges  0x000004a0      0x198 src/ASF/sam/drivers/pio/pio.o
 .debug_ranges  0x00000638       0x70 src/ASF/sam/drivers/pio/pio_handler.o
 .debug_ranges  0x000006a8      0x240 src/ASF/sam/drivers/pmc/pmc.o
 .debug_ranges  0x000008e8       0x30 src/ASF/sam/utils/cmsis/same70/source/templates/gcc/startup_same70.o
 .debug_ranges  0x00000918       0x20 src/ASF/sam/utils/cmsis/same70/source/templates/system_same70.o
 .debug_ranges  0x00000938       0x60 src/main.o

.debug_macro    0x00000000     0x973b
 .debug_macro   0x00000000      0x660 src/ASF/sam/drivers/rtt/rtt.o
 .debug_macro   0x00000660      0x6d9 src/ASF/sam/drivers/spi/spi.o
 .debug_macro   0x00000d39       0x10 src/ASF/sam/drivers/spi/spi.o
 .debug_macro   0x00000d49       0x3a src/ASF/sam/drivers/spi/spi.o
 .debug_macro   0x00000d83      0x2c6 src/ASF/sam/drivers/spi/spi.o
 .debug_macro   0x00001049      0xa96 src/ASF/sam/drivers/spi/spi.o
 .debug_macro   0x00001adf       0x70 src/ASF/sam/drivers/spi/spi.o
 .debug_macro   0x00001b4f       0x64 src/ASF/sam/drivers/spi/spi.o
 .debug_macro   0x00001bb3       0x5f src/ASF/sam/drivers/spi/spi.o
 .debug_macro   0x00001c12       0xac src/ASF/sam/drivers/spi/spi.o
 .debug_macro   0x00001cbe      0x7e6 src/oled/gfx_mono_framebuffer.o
 .debug_macro   0x000024a4       0x50 src/oled/gfx_mono_framebuffer.o
 .debug_macro   0x000024f4       0x22 src/oled/gfx_mono_framebuffer.o
 .debug_macro   0x00002516       0x7b src/oled/gfx_mono_framebuffer.o
 .debug_macro   0x00002591       0x28 src/oled/gfx_mono_framebuffer.o
 .debug_macro   0x000025b9       0x23 src/oled/gfx_mono_framebuffer.o
 .debug_macro   0x000025dc       0x94 src/oled/gfx_mono_framebuffer.o
 .debug_macro   0x00002670       0x40 src/oled/gfx_mono_framebuffer.o
 .debug_macro   0x000026b0       0x88 src/oled/gfx_mono_framebuffer.o
 .debug_macro   0x00002738      0x1ce src/oled/gfx_mono_framebuffer.o
 .debug_macro   0x00002906       0x34 src/oled/gfx_mono_framebuffer.o
 .debug_macro   0x0000293a       0x16 src/oled/gfx_mono_framebuffer.o
 .debug_macro   0x00002950       0x1c src/oled/gfx_mono_framebuffer.o
 .debug_macro   0x0000296c       0x16 src/oled/gfx_mono_framebuffer.o
 .debug_macro   0x00002982       0x28 src/oled/gfx_mono_framebuffer.o
 .debug_macro   0x000029aa       0xd1 src/oled/gfx_mono_framebuffer.o
 .debug_macro   0x00002a7b       0x8b src/oled/gfx_mono_framebuffer.o
 .debug_macro   0x00002b06      0x7e6 src/oled/gfx_mono_generic.o
 .debug_macro   0x000032ec      0x7ff src/oled/gfx_mono_text.o
 .debug_macro   0x00003aeb      0x7ea src/oled/gfx_mono_ug_2832hsweg04.o
 .debug_macro   0x000042d5       0x28 src/oled/gfx_mono_ug_2832hsweg04.o
 .debug_macro   0x000042fd      0x7c0 src/oled/ssd1306.o
 .debug_macro   0x00004abd      0x69c src/oled/sysfont.o
 .debug_macro   0x00005159       0x3a src/oled/sysfont.o
 .debug_macro   0x00005193      0x665 src/ASF/common/services/delay/sam/cycle_counter.o
 .debug_macro   0x000057f8       0x22 src/ASF/common/services/delay/sam/cycle_counter.o
 .debug_macro   0x0000581a      0x6d1 src/ASF/common/services/clock/same70/sysclk.o
 .debug_macro   0x00005eeb      0x2c0 src/ASF/common/services/clock/same70/sysclk.o
 .debug_macro   0x000061ab      0x655 src/ASF/common/utils/interrupt/interrupt_sam_nvic.o
 .debug_macro   0x00006800      0x70b src/ASF/sam/boards/same70_xplained/init.o
 .debug_macro   0x00006f0b       0x82 src/ASF/sam/boards/same70_xplained/init.o
 .debug_macro   0x00006f8d      0x66b src/ASF/sam/drivers/pio/pio.o
 .debug_macro   0x000075f8       0x8e src/ASF/sam/drivers/pio/pio.o
 .debug_macro   0x00007686      0x676 src/ASF/sam/drivers/pio/pio_handler.o
 .debug_macro   0x00007cfc      0x66b src/ASF/sam/drivers/pmc/pmc.o
 .debug_macro   0x00008367       0x6a src/ASF/sam/drivers/pmc/pmc.o
 .debug_macro   0x000083d1      0x664 src/ASF/sam/utils/cmsis/same70/source/templates/gcc/startup_same70.o
 .debug_macro   0x00008a35       0x10 src/ASF/sam/utils/cmsis/same70/source/templates/gcc/startup_same70.o
 .debug_macro   0x00008a45      0x455 src/ASF/sam/utils/cmsis/same70/source/templates/system_same70.o
 .debug_macro   0x00008e9a      0x8a1 src/main.o

.debug_line     0x00000000     0xe71e
 .debug_line    0x00000000      0xa7b src/ASF/sam/drivers/rtt/rtt.o
 .debug_line    0x00000a7b      0xc9d src/ASF/sam/drivers/spi/spi.o
 .debug_line    0x00001718      0xe96 src/oled/gfx_mono_framebuffer.o
 .debug_line    0x000025ae      0xf5b src/oled/gfx_mono_generic.o
 .debug_line    0x00003509      0xeb9 src/oled/gfx_mono_text.o
 .debug_line    0x000043c2      0xf43 src/oled/gfx_mono_ug_2832hsweg04.o
 .debug_line    0x00005305     0x1002 src/oled/ssd1306.o
 .debug_line    0x00006307      0xa1b src/oled/sysfont.o
 .debug_line    0x00006d22      0x9ed src/ASF/common/services/delay/sam/cycle_counter.o
 .debug_line    0x0000770f      0xc67 src/ASF/common/services/clock/same70/sysclk.o
 .debug_line    0x00008376      0xa09 src/ASF/common/utils/interrupt/interrupt_sam_nvic.o
 .debug_line    0x00008d7f      0xd63 src/ASF/sam/boards/same70_xplained/init.o
 .debug_line    0x00009ae2      0xe17 src/ASF/sam/drivers/pio/pio.o
 .debug_line    0x0000a8f9      0xb18 src/ASF/sam/drivers/pio/pio_handler.o
 .debug_line    0x0000b411     0x10dc src/ASF/sam/drivers/pmc/pmc.o
 .debug_line    0x0000c4ed      0xac0 src/ASF/sam/utils/cmsis/same70/source/templates/gcc/startup_same70.o
 .debug_line    0x0000cfad      0x820 src/ASF/sam/utils/cmsis/same70/source/templates/system_same70.o
 .debug_line    0x0000d7cd      0xf51 src/main.o

.debug_str      0x00000000    0x8f96c
 .debug_str     0x00000000    0x81970 src/ASF/sam/drivers/rtt/rtt.o
                              0x81ff1 (size before relaxing)
 .debug_str     0x00081970     0x4610 src/ASF/sam/drivers/spi/spi.o
                              0x86506 (size before relaxing)
 .debug_str     0x00085f80     0x2ace src/oled/gfx_mono_framebuffer.o
                              0x88c02 (size before relaxing)
 .debug_str     0x00088a4e      0x25c src/oled/gfx_mono_generic.o
                              0x88d46 (size before relaxing)
 .debug_str     0x00088caa      0x266 src/oled/gfx_mono_text.o
                              0x88d21 (size before relaxing)
 .debug_str     0x00088f10      0x11c src/oled/gfx_mono_ug_2832hsweg04.o
                              0x88ce2 (size before relaxing)
 .debug_str     0x0008902c      0x612 src/oled/ssd1306.o
                              0x8891a (size before relaxing)
 .debug_str     0x0008963e     0x3ee1 src/oled/sysfont.o
                              0x86138 (size before relaxing)
 .debug_str     0x0008d51f       0x35 src/ASF/common/services/delay/sam/cycle_counter.o
                              0x8206c (size before relaxing)
 .debug_str     0x0008d554      0x454 src/ASF/common/services/clock/same70/sysclk.o
                              0x865ed (size before relaxing)
 .debug_str     0x0008d9a8       0x94 src/ASF/common/utils/interrupt/interrupt_sam_nvic.o
                              0x81f3c (size before relaxing)
 .debug_str     0x0008da3c      0x4f4 src/ASF/sam/boards/same70_xplained/init.o
                              0x8707a (size before relaxing)
 .debug_str     0x0008df30      0x57b src/ASF/sam/drivers/pio/pio.o
                              0x82a92 (size before relaxing)
 .debug_str     0x0008e4ab      0x437 src/ASF/sam/drivers/pio/pio_handler.o
                              0x82bb4 (size before relaxing)
 .debug_str     0x0008e8e2      0x62b src/ASF/sam/drivers/pmc/pmc.o
                              0x82bf6 (size before relaxing)
 .debug_str     0x0008ef0d      0x64c src/ASF/sam/utils/cmsis/same70/source/templates/gcc/startup_same70.o
                              0x82709 (size before relaxing)
 .debug_str     0x0008f559      0x137 src/ASF/sam/utils/cmsis/same70/source/templates/system_same70.o
                              0x72815 (size before relaxing)
 .debug_str     0x0008f690      0x2dc src/main.o
                              0x8d544 (size before relaxing)

.debug_frame    0x00000000     0x2a14
 .debug_frame   0x00000000      0x174 src/ASF/sam/drivers/rtt/rtt.o
 .debug_frame   0x00000174      0x2c8 src/ASF/sam/drivers/spi/spi.o
 .debug_frame   0x0000043c      0x148 src/oled/gfx_mono_framebuffer.o
 .debug_frame   0x00000584      0x150 src/oled/gfx_mono_generic.o
 .debug_frame   0x000006d4       0xfc src/oled/gfx_mono_text.o
 .debug_frame   0x000007d0      0x1dc src/oled/gfx_mono_ug_2832hsweg04.o
 .debug_frame   0x000009ac      0x360 src/oled/ssd1306.o
 .debug_frame   0x00000d0c       0x20 src/ASF/common/services/delay/sam/cycle_counter.o
 .debug_frame   0x00000d2c      0x240 src/ASF/common/services/clock/same70/sysclk.o
 .debug_frame   0x00000f6c       0x58 src/ASF/common/utils/interrupt/interrupt_sam_nvic.o
 .debug_frame   0x00000fc4      0x174 src/ASF/sam/boards/same70_xplained/init.o
 .debug_frame   0x00001138      0x7c0 src/ASF/sam/drivers/pio/pio.o
 .debug_frame   0x000018f8      0x1d0 src/ASF/sam/drivers/pio/pio_handler.o
 .debug_frame   0x00001ac8      0xa60 src/ASF/sam/drivers/pmc/pmc.o
 .debug_frame   0x00002528       0xbc src/ASF/sam/utils/cmsis/same70/source/templates/gcc/startup_same70.o
 .debug_frame   0x000025e4       0x78 src/ASF/sam/utils/cmsis/same70/source/templates/system_same70.o
 .debug_frame   0x0000265c      0x198 src/main.o
 .debug_frame   0x000027f4       0x2c c:/program files (x86)/atmel/studio/7.0/toolchain/arm/arm-gnu-toolchain/bin/../lib/gcc/arm-none-eabi/6.3.1/thumb/v7e-m\libgcc.a(_aeabi_uldivmod.o)
 .debug_frame   0x00002820       0x34 c:/program files (x86)/atmel/studio/7.0/toolchain/arm/arm-gnu-toolchain/bin/../lib/gcc/arm-none-eabi/6.3.1/thumb/v7e-m\libgcc.a(_udivmoddi4.o)
 .debug_frame   0x00002854       0x2c c:/program files (x86)/atmel/studio/7.0/toolchain/arm/arm-gnu-toolchain/bin/../lib/gcc/arm-none-eabi/6.3.1/../../../../arm-none-eabi/lib/thumb/v7e-m\libc.a(lib_a-init.o)
 .debug_frame   0x00002880       0x5c c:/program files (x86)/atmel/studio/7.0/toolchain/arm/arm-gnu-toolchain/bin/../lib/gcc/arm-none-eabi/6.3.1/../../../../arm-none-eabi/lib/thumb/v7e-m\libc.a(lib_a-__call_atexit.o)
 .debug_frame   0x000028dc       0x20 c:/program files (x86)/atmel/studio/7.0/toolchain/arm/arm-gnu-toolchain/bin/../lib/gcc/arm-none-eabi/6.3.1/../../../../arm-none-eabi/lib/thumb/v7e-m\libc.a(lib_a-atexit.o)
 .debug_frame   0x000028fc       0x34 c:/program files (x86)/atmel/studio/7.0/toolchain/arm/arm-gnu-toolchain/bin/../lib/gcc/arm-none-eabi/6.3.1/../../../../arm-none-eabi/lib/thumb/v7e-m\libc.a(lib_a-fini.o)
 .debug_frame   0x00002930       0xb0 c:/program files (x86)/atmel/studio/7.0/toolchain/arm/arm-gnu-toolchain/bin/../lib/gcc/arm-none-eabi/6.3.1/../../../../arm-none-eabi/lib/thumb/v7e-m\libc.a(lib_a-lock.o)
 .debug_frame   0x000029e0       0x34 c:/program files (x86)/atmel/studio/7.0/toolchain/arm/arm-gnu-toolchain/bin/../lib/gcc/arm-none-eabi/6.3.1/../../../../arm-none-eabi/lib/thumb/v7e-m\libc.a(lib_a-__atexit.o)

Cross Reference Table

Symbol                                            File
ACC_Handler                                       src/ASF/sam/utils/cmsis/same70/source/templates/gcc/startup_same70.o
AES_Handler                                       src/ASF/sam/utils/cmsis/same70/source/templates/gcc/startup_same70.o
AFEC0_Handler                                     src/ASF/sam/utils/cmsis/same70/source/templates/gcc/startup_same70.o
AFEC1_Handler                                     src/ASF/sam/utils/cmsis/same70/source/templates/gcc/startup_same70.o
BUT1_flag                                         src/main.o
BUT2_flag                                         src/main.o
BUT3_flag                                         src/main.o
BusFault_Handler                                  src/ASF/sam/utils/cmsis/same70/source/templates/gcc/startup_same70.o
DACC_Handler                                      src/ASF/sam/utils/cmsis/same70/source/templates/gcc/startup_same70.o
DebugMon_Handler                                  src/ASF/sam/utils/cmsis/same70/source/templates/gcc/startup_same70.o
Dummy_Handler                                     src/ASF/sam/utils/cmsis/same70/source/templates/gcc/startup_same70.o
EFC_Handler                                       src/ASF/sam/utils/cmsis/same70/source/templates/gcc/startup_same70.o
GMAC_Handler                                      src/ASF/sam/utils/cmsis/same70/source/templates/gcc/startup_same70.o
HSMCI_Handler                                     src/ASF/sam/utils/cmsis/same70/source/templates/gcc/startup_same70.o
HardFault_Handler                                 src/ASF/sam/utils/cmsis/same70/source/templates/gcc/startup_same70.o
ICM_Handler                                       src/ASF/sam/utils/cmsis/same70/source/templates/gcc/startup_same70.o
ISI_Handler                                       src/ASF/sam/utils/cmsis/same70/source/templates/gcc/startup_same70.o
MCAN0_Handler                                     src/ASF/sam/utils/cmsis/same70/source/templates/gcc/startup_same70.o
MCAN1_Handler                                     src/ASF/sam/utils/cmsis/same70/source/templates/gcc/startup_same70.o
MemManage_Handler                                 src/ASF/sam/utils/cmsis/same70/source/templates/gcc/startup_same70.o
NMI_Handler                                       src/ASF/sam/utils/cmsis/same70/source/templates/gcc/startup_same70.o
PIOA_Handler                                      src/ASF/sam/drivers/pio/pio_handler.o
PIOB_Handler                                      src/ASF/sam/drivers/pio/pio_handler.o
PIOC_Handler                                      src/ASF/sam/drivers/pio/pio_handler.o
PIOD_Handler                                      src/ASF/sam/drivers/pio/pio_handler.o
PIOE_Handler                                      src/ASF/sam/drivers/pio/pio_handler.o
PMC_Handler                                       src/ASF/sam/utils/cmsis/same70/source/templates/gcc/startup_same70.o
PWM0_Handler                                      src/ASF/sam/utils/cmsis/same70/source/templates/gcc/startup_same70.o
PWM1_Handler                                      src/ASF/sam/utils/cmsis/same70/source/templates/gcc/startup_same70.o
PendSV_Handler                                    src/ASF/sam/utils/cmsis/same70/source/templates/gcc/startup_same70.o
QSPI_Handler                                      src/ASF/sam/utils/cmsis/same70/source/templates/gcc/startup_same70.o
RSTC_Handler                                      src/ASF/sam/utils/cmsis/same70/source/templates/gcc/startup_same70.o
RSWDT_Handler                                     src/ASF/sam/utils/cmsis/same70/source/templates/gcc/startup_same70.o
RTC_Handler                                       src/ASF/sam/utils/cmsis/same70/source/templates/gcc/startup_same70.o
RTT_Handler                                       src/main.o
                                                  src/ASF/sam/utils/cmsis/same70/source/templates/gcc/startup_same70.o
RTT_flag                                          src/main.o
Reset_Handler                                     src/ASF/sam/utils/cmsis/same70/source/templates/gcc/startup_same70.o
SDRAMC_Handler                                    src/ASF/sam/utils/cmsis/same70/source/templates/gcc/startup_same70.o
SPI0_Handler                                      src/ASF/sam/utils/cmsis/same70/source/templates/gcc/startup_same70.o
SPI1_Handler                                      src/ASF/sam/utils/cmsis/same70/source/templates/gcc/startup_same70.o
SSC_Handler                                       src/ASF/sam/utils/cmsis/same70/source/templates/gcc/startup_same70.o
SUPC_Handler                                      src/ASF/sam/utils/cmsis/same70/source/templates/gcc/startup_same70.o
SVC_Handler                                       src/ASF/sam/utils/cmsis/same70/source/templates/gcc/startup_same70.o
SysTick_Handler                                   src/ASF/sam/utils/cmsis/same70/source/templates/gcc/startup_same70.o
SystemCoreClock                                   src/ASF/sam/utils/cmsis/same70/source/templates/system_same70.o
SystemCoreClockUpdate                             src/ASF/sam/utils/cmsis/same70/source/templates/system_same70.o
                                                  src/ASF/common/services/clock/same70/sysclk.o
SystemInit                                        src/ASF/sam/utils/cmsis/same70/source/templates/system_same70.o
TC0_Handler                                       src/ASF/sam/utils/cmsis/same70/source/templates/gcc/startup_same70.o
TC10_Handler                                      src/ASF/sam/utils/cmsis/same70/source/templates/gcc/startup_same70.o
TC11_Handler                                      src/ASF/sam/utils/cmsis/same70/source/templates/gcc/startup_same70.o
TC1_Handler                                       src/ASF/sam/utils/cmsis/same70/source/templates/gcc/startup_same70.o
TC2_Handler                                       src/ASF/sam/utils/cmsis/same70/source/templates/gcc/startup_same70.o
TC3_Handler                                       src/ASF/sam/utils/cmsis/same70/source/templates/gcc/startup_same70.o
TC4_Handler                                       src/ASF/sam/utils/cmsis/same70/source/templates/gcc/startup_same70.o
TC5_Handler                                       src/ASF/sam/utils/cmsis/same70/source/templates/gcc/startup_same70.o
TC6_Handler                                       src/ASF/sam/utils/cmsis/same70/source/templates/gcc/startup_same70.o
TC7_Handler                                       src/ASF/sam/utils/cmsis/same70/source/templates/gcc/startup_same70.o
TC8_Handler                                       src/ASF/sam/utils/cmsis/same70/source/templates/gcc/startup_same70.o
TC9_Handler                                       src/ASF/sam/utils/cmsis/same70/source/templates/gcc/startup_same70.o
TRNG_Handler                                      src/ASF/sam/utils/cmsis/same70/source/templates/gcc/startup_same70.o
TWIHS0_Handler                                    src/ASF/sam/utils/cmsis/same70/source/templates/gcc/startup_same70.o
TWIHS1_Handler                                    src/ASF/sam/utils/cmsis/same70/source/templates/gcc/startup_same70.o
TWIHS2_Handler                                    src/ASF/sam/utils/cmsis/same70/source/templates/gcc/startup_same70.o
UART0_Handler                                     src/ASF/sam/utils/cmsis/same70/source/templates/gcc/startup_same70.o
UART1_Handler                                     src/ASF/sam/utils/cmsis/same70/source/templates/gcc/startup_same70.o
UART2_Handler                                     src/ASF/sam/utils/cmsis/same70/source/templates/gcc/startup_same70.o
UART3_Handler                                     src/ASF/sam/utils/cmsis/same70/source/templates/gcc/startup_same70.o
UART4_Handler                                     src/ASF/sam/utils/cmsis/same70/source/templates/gcc/startup_same70.o
USART0_Handler                                    src/ASF/sam/utils/cmsis/same70/source/templates/gcc/startup_same70.o
USART1_Handler                                    src/ASF/sam/utils/cmsis/same70/source/templates/gcc/startup_same70.o
USART2_Handler                                    src/ASF/sam/utils/cmsis/same70/source/templates/gcc/startup_same70.o
USBHS_Handler                                     src/ASF/sam/utils/cmsis/same70/source/templates/gcc/startup_same70.o
UsageFault_Handler                                src/ASF/sam/utils/cmsis/same70/source/templates/gcc/startup_same70.o
WDT_Handler                                       src/ASF/sam/utils/cmsis/same70/source/templates/gcc/startup_same70.o
XDMAC_Handler                                     src/ASF/sam/utils/cmsis/same70/source/templates/gcc/startup_same70.o
_Jv_RegisterClasses                               c:/program files (x86)/atmel/studio/7.0/toolchain/arm/arm-gnu-toolchain/bin/../lib/gcc/arm-none-eabi/6.3.1/thumb/v7e-m/crtbegin.o
__aeabi_idiv0                                     c:/program files (x86)/atmel/studio/7.0/toolchain/arm/arm-gnu-toolchain/bin/../lib/gcc/arm-none-eabi/6.3.1/thumb/v7e-m\libgcc.a(_dvmd_tls.o)
__aeabi_ldiv0                                     c:/program files (x86)/atmel/studio/7.0/toolchain/arm/arm-gnu-toolchain/bin/../lib/gcc/arm-none-eabi/6.3.1/thumb/v7e-m\libgcc.a(_dvmd_tls.o)
                                                  c:/program files (x86)/atmel/studio/7.0/toolchain/arm/arm-gnu-toolchain/bin/../lib/gcc/arm-none-eabi/6.3.1/thumb/v7e-m\libgcc.a(_aeabi_uldivmod.o)
__aeabi_uldivmod                                  c:/program files (x86)/atmel/studio/7.0/toolchain/arm/arm-gnu-toolchain/bin/../lib/gcc/arm-none-eabi/6.3.1/thumb/v7e-m\libgcc.a(_aeabi_uldivmod.o)
                                                  src/oled/ssd1306.o
__atexit_recursive_mutex                          c:/program files (x86)/atmel/studio/7.0/toolchain/arm/arm-gnu-toolchain/bin/../lib/gcc/arm-none-eabi/6.3.1/../../../../arm-none-eabi/lib/thumb/v7e-m\libc.a(lib_a-__call_atexit.o)
                                                  c:/program files (x86)/atmel/studio/7.0/toolchain/arm/arm-gnu-toolchain/bin/../lib/gcc/arm-none-eabi/6.3.1/../../../../arm-none-eabi/lib/thumb/v7e-m\libc.a(lib_a-__atexit.o)
__bss_end__                                       c:/program files (x86)/atmel/studio/7.0/toolchain/arm/arm-gnu-toolchain/bin/../lib/gcc/arm-none-eabi/6.3.1/../../../../arm-none-eabi/lib/thumb/v7e-m/crt0.o
__bss_start__                                     c:/program files (x86)/atmel/studio/7.0/toolchain/arm/arm-gnu-toolchain/bin/../lib/gcc/arm-none-eabi/6.3.1/../../../../arm-none-eabi/lib/thumb/v7e-m/crt0.o
__call_exitprocs                                  c:/program files (x86)/atmel/studio/7.0/toolchain/arm/arm-gnu-toolchain/bin/../lib/gcc/arm-none-eabi/6.3.1/../../../../arm-none-eabi/lib/thumb/v7e-m\libc.a(lib_a-__call_atexit.o)
                                                  c:/program files (x86)/atmel/studio/7.0/toolchain/arm/arm-gnu-toolchain/bin/../lib/gcc/arm-none-eabi/6.3.1/../../../../arm-none-eabi/lib/thumb/v7e-m\libc.a(lib_a-exit.o)
__deregister_frame_info                           c:/program files (x86)/atmel/studio/7.0/toolchain/arm/arm-gnu-toolchain/bin/../lib/gcc/arm-none-eabi/6.3.1/thumb/v7e-m/crtbegin.o
__dso_handle                                      c:/program files (x86)/atmel/studio/7.0/toolchain/arm/arm-gnu-toolchain/bin/../lib/gcc/arm-none-eabi/6.3.1/thumb/v7e-m/crtbegin.o
__fini_array_end                                  c:/program files (x86)/atmel/studio/7.0/toolchain/arm/arm-gnu-toolchain/bin/../lib/gcc/arm-none-eabi/6.3.1/../../../../arm-none-eabi/lib/thumb/v7e-m\libc.a(lib_a-fini.o)
__fini_array_start                                c:/program files (x86)/atmel/studio/7.0/toolchain/arm/arm-gnu-toolchain/bin/../lib/gcc/arm-none-eabi/6.3.1/../../../../arm-none-eabi/lib/thumb/v7e-m\libc.a(lib_a-fini.o)
__init_array_end                                  c:/program files (x86)/atmel/studio/7.0/toolchain/arm/arm-gnu-toolchain/bin/../lib/gcc/arm-none-eabi/6.3.1/../../../../arm-none-eabi/lib/thumb/v7e-m\libc.a(lib_a-init.o)
__init_array_start                                c:/program files (x86)/atmel/studio/7.0/toolchain/arm/arm-gnu-toolchain/bin/../lib/gcc/arm-none-eabi/6.3.1/../../../../arm-none-eabi/lib/thumb/v7e-m\libc.a(lib_a-init.o)
__libc_fini                                       c:/program files (x86)/atmel/studio/7.0/toolchain/arm/arm-gnu-toolchain/bin/../lib/gcc/arm-none-eabi/6.3.1/../../../../arm-none-eabi/lib/thumb/v7e-m\libc.a(lib_a-__call_atexit.o)
__libc_fini_array                                 c:/program files (x86)/atmel/studio/7.0/toolchain/arm/arm-gnu-toolchain/bin/../lib/gcc/arm-none-eabi/6.3.1/../../../../arm-none-eabi/lib/thumb/v7e-m\libc.a(lib_a-fini.o)
                                                  c:/program files (x86)/atmel/studio/7.0/toolchain/arm/arm-gnu-toolchain/bin/../lib/gcc/arm-none-eabi/6.3.1/../../../../arm-none-eabi/lib/thumb/v7e-m\libc.a(lib_a-__call_atexit.o)
                                                  c:/program files (x86)/atmel/studio/7.0/toolchain/arm/arm-gnu-toolchain/bin/../lib/gcc/arm-none-eabi/6.3.1/../../../../arm-none-eabi/lib/thumb/v7e-m/crt0.o
__libc_init_array                                 c:/program files (x86)/atmel/studio/7.0/toolchain/arm/arm-gnu-toolchain/bin/../lib/gcc/arm-none-eabi/6.3.1/../../../../arm-none-eabi/lib/thumb/v7e-m\libc.a(lib_a-init.o)
                                                  src/ASF/sam/utils/cmsis/same70/source/templates/gcc/startup_same70.o
                                                  c:/program files (x86)/atmel/studio/7.0/toolchain/arm/arm-gnu-toolchain/bin/../lib/gcc/arm-none-eabi/6.3.1/../../../../arm-none-eabi/lib/thumb/v7e-m/crt0.o
__lock___arc4random_mutex                         c:/program files (x86)/atmel/studio/7.0/toolchain/arm/arm-gnu-toolchain/bin/../lib/gcc/arm-none-eabi/6.3.1/../../../../arm-none-eabi/lib/thumb/v7e-m\libc.a(lib_a-lock.o)
__lock___at_quick_exit_mutex                      c:/program files (x86)/atmel/studio/7.0/toolchain/arm/arm-gnu-toolchain/bin/../lib/gcc/arm-none-eabi/6.3.1/../../../../arm-none-eabi/lib/thumb/v7e-m\libc.a(lib_a-lock.o)
__lock___atexit_recursive_mutex                   c:/program files (x86)/atmel/studio/7.0/toolchain/arm/arm-gnu-toolchain/bin/../lib/gcc/arm-none-eabi/6.3.1/../../../../arm-none-eabi/lib/thumb/v7e-m\libc.a(lib_a-lock.o)
                                                  c:/program files (x86)/atmel/studio/7.0/toolchain/arm/arm-gnu-toolchain/bin/../lib/gcc/arm-none-eabi/6.3.1/../../../../arm-none-eabi/lib/thumb/v7e-m\libc.a(lib_a-__call_atexit.o)
__lock___dd_hash_mutex                            c:/program files (x86)/atmel/studio/7.0/toolchain/arm/arm-gnu-toolchain/bin/../lib/gcc/arm-none-eabi/6.3.1/../../../../arm-none-eabi/lib/thumb/v7e-m\libc.a(lib_a-lock.o)
__lock___env_recursive_mutex                      c:/program files (x86)/atmel/studio/7.0/toolchain/arm/arm-gnu-toolchain/bin/../lib/gcc/arm-none-eabi/6.3.1/../../../../arm-none-eabi/lib/thumb/v7e-m\libc.a(lib_a-lock.o)
__lock___malloc_recursive_mutex                   c:/program files (x86)/atmel/studio/7.0/toolchain/arm/arm-gnu-toolchain/bin/../lib/gcc/arm-none-eabi/6.3.1/../../../../arm-none-eabi/lib/thumb/v7e-m\libc.a(lib_a-lock.o)
__lock___sfp_recursive_mutex                      c:/program files (x86)/atmel/studio/7.0/toolchain/arm/arm-gnu-toolchain/bin/../lib/gcc/arm-none-eabi/6.3.1/../../../../arm-none-eabi/lib/thumb/v7e-m\libc.a(lib_a-lock.o)
__lock___sinit_recursive_mutex                    c:/program files (x86)/atmel/studio/7.0/toolchain/arm/arm-gnu-toolchain/bin/../lib/gcc/arm-none-eabi/6.3.1/../../../../arm-none-eabi/lib/thumb/v7e-m\libc.a(lib_a-lock.o)
__lock___tz_mutex                                 c:/program files (x86)/atmel/studio/7.0/toolchain/arm/arm-gnu-toolchain/bin/../lib/gcc/arm-none-eabi/6.3.1/../../../../arm-none-eabi/lib/thumb/v7e-m\libc.a(lib_a-lock.o)
__preinit_array_end                               c:/program files (x86)/atmel/studio/7.0/toolchain/arm/arm-gnu-toolchain/bin/../lib/gcc/arm-none-eabi/6.3.1/../../../../arm-none-eabi/lib/thumb/v7e-m\libc.a(lib_a-init.o)
__preinit_array_start                             c:/program files (x86)/atmel/studio/7.0/toolchain/arm/arm-gnu-toolchain/bin/../lib/gcc/arm-none-eabi/6.3.1/../../../../arm-none-eabi/lib/thumb/v7e-m\libc.a(lib_a-init.o)
__ram_end__                                       src/ASF/sam/utils/syscalls/gcc/syscalls.o
__register_exitproc                               c:/program files (x86)/atmel/studio/7.0/toolchain/arm/arm-gnu-toolchain/bin/../lib/gcc/arm-none-eabi/6.3.1/../../../../arm-none-eabi/lib/thumb/v7e-m\libc.a(lib_a-__atexit.o)
                                                  c:/program files (x86)/atmel/studio/7.0/toolchain/arm/arm-gnu-toolchain/bin/../lib/gcc/arm-none-eabi/6.3.1/../../../../arm-none-eabi/lib/thumb/v7e-m\libc.a(lib_a-atexit.o)
__register_frame_info                             c:/program files (x86)/atmel/studio/7.0/toolchain/arm/arm-gnu-toolchain/bin/../lib/gcc/arm-none-eabi/6.3.1/thumb/v7e-m/crtbegin.o
__retarget_lock_acquire                           c:/program files (x86)/atmel/studio/7.0/toolchain/arm/arm-gnu-toolchain/bin/../lib/gcc/arm-none-eabi/6.3.1/../../../../arm-none-eabi/lib/thumb/v7e-m\libc.a(lib_a-lock.o)
__retarget_lock_acquire_recursive                 c:/program files (x86)/atmel/studio/7.0/toolchain/arm/arm-gnu-toolchain/bin/../lib/gcc/arm-none-eabi/6.3.1/../../../../arm-none-eabi/lib/thumb/v7e-m\libc.a(lib_a-lock.o)
                                                  c:/program files (x86)/atmel/studio/7.0/toolchain/arm/arm-gnu-toolchain/bin/../lib/gcc/arm-none-eabi/6.3.1/../../../../arm-none-eabi/lib/thumb/v7e-m\libc.a(lib_a-__atexit.o)
                                                  c:/program files (x86)/atmel/studio/7.0/toolchain/arm/arm-gnu-toolchain/bin/../lib/gcc/arm-none-eabi/6.3.1/../../../../arm-none-eabi/lib/thumb/v7e-m\libc.a(lib_a-__call_atexit.o)
__retarget_lock_close                             c:/program files (x86)/atmel/studio/7.0/toolchain/arm/arm-gnu-toolchain/bin/../lib/gcc/arm-none-eabi/6.3.1/../../../../arm-none-eabi/lib/thumb/v7e-m\libc.a(lib_a-lock.o)
__retarget_lock_close_recursive                   c:/program files (x86)/atmel/studio/7.0/toolchain/arm/arm-gnu-toolchain/bin/../lib/gcc/arm-none-eabi/6.3.1/../../../../arm-none-eabi/lib/thumb/v7e-m\libc.a(lib_a-lock.o)
__retarget_lock_init                              c:/program files (x86)/atmel/studio/7.0/toolchain/arm/arm-gnu-toolchain/bin/../lib/gcc/arm-none-eabi/6.3.1/../../../../arm-none-eabi/lib/thumb/v7e-m\libc.a(lib_a-lock.o)
__retarget_lock_init_recursive                    c:/program files (x86)/atmel/studio/7.0/toolchain/arm/arm-gnu-toolchain/bin/../lib/gcc/arm-none-eabi/6.3.1/../../../../arm-none-eabi/lib/thumb/v7e-m\libc.a(lib_a-lock.o)
__retarget_lock_release                           c:/program files (x86)/atmel/studio/7.0/toolchain/arm/arm-gnu-toolchain/bin/../lib/gcc/arm-none-eabi/6.3.1/../../../../arm-none-eabi/lib/thumb/v7e-m\libc.a(lib_a-lock.o)
__retarget_lock_release_recursive                 c:/program files (x86)/atmel/studio/7.0/toolchain/arm/arm-gnu-toolchain/bin/../lib/gcc/arm-none-eabi/6.3.1/../../../../arm-none-eabi/lib/thumb/v7e-m\libc.a(lib_a-lock.o)
                                                  c:/program files (x86)/atmel/studio/7.0/toolchain/arm/arm-gnu-toolchain/bin/../lib/gcc/arm-none-eabi/6.3.1/../../../../arm-none-eabi/lib/thumb/v7e-m\libc.a(lib_a-__atexit.o)
                                                  c:/program files (x86)/atmel/studio/7.0/toolchain/arm/arm-gnu-toolchain/bin/../lib/gcc/arm-none-eabi/6.3.1/../../../../arm-none-eabi/lib/thumb/v7e-m\libc.a(lib_a-__call_atexit.o)
__retarget_lock_try_acquire                       c:/program files (x86)/atmel/studio/7.0/toolchain/arm/arm-gnu-toolchain/bin/../lib/gcc/arm-none-eabi/6.3.1/../../../../arm-none-eabi/lib/thumb/v7e-m\libc.a(lib_a-lock.o)
__retarget_lock_try_acquire_recursive             c:/program files (x86)/atmel/studio/7.0/toolchain/arm/arm-gnu-toolchain/bin/../lib/gcc/arm-none-eabi/6.3.1/../../../../arm-none-eabi/lib/thumb/v7e-m\libc.a(lib_a-lock.o)
__stack                                           c:/program files (x86)/atmel/studio/7.0/toolchain/arm/arm-gnu-toolchain/bin/../lib/gcc/arm-none-eabi/6.3.1/../../../../arm-none-eabi/lib/thumb/v7e-m/crt0.o
__udivmoddi4                                      c:/program files (x86)/atmel/studio/7.0/toolchain/arm/arm-gnu-toolchain/bin/../lib/gcc/arm-none-eabi/6.3.1/thumb/v7e-m\libgcc.a(_udivmoddi4.o)
                                                  c:/program files (x86)/atmel/studio/7.0/toolchain/arm/arm-gnu-toolchain/bin/../lib/gcc/arm-none-eabi/6.3.1/thumb/v7e-m\libgcc.a(_aeabi_uldivmod.o)
_close                                            src/ASF/sam/utils/syscalls/gcc/syscalls.o
_end                                              src/ASF/sam/utils/syscalls/gcc/syscalls.o
_erelocate                                        src/ASF/sam/utils/cmsis/same70/source/templates/gcc/startup_same70.o
_estack                                           src/ASF/sam/utils/cmsis/same70/source/templates/gcc/startup_same70.o
_etext                                            src/ASF/sam/utils/cmsis/same70/source/templates/gcc/startup_same70.o
_exit                                             src/ASF/sam/utils/syscalls/gcc/syscalls.o
                                                  c:/program files (x86)/atmel/studio/7.0/toolchain/arm/arm-gnu-toolchain/bin/../lib/gcc/arm-none-eabi/6.3.1/../../../../arm-none-eabi/lib/thumb/v7e-m\libc.a(lib_a-exit.o)
_ezero                                            src/ASF/sam/utils/cmsis/same70/source/templates/gcc/startup_same70.o
_fini                                             c:/program files (x86)/atmel/studio/7.0/toolchain/arm/arm-gnu-toolchain/bin/../lib/gcc/arm-none-eabi/6.3.1/thumb/v7e-m/crti.o
                                                  c:/program files (x86)/atmel/studio/7.0/toolchain/arm/arm-gnu-toolchain/bin/../lib/gcc/arm-none-eabi/6.3.1/../../../../arm-none-eabi/lib/thumb/v7e-m\libc.a(lib_a-fini.o)
_fstat                                            src/ASF/sam/utils/syscalls/gcc/syscalls.o
_getpid                                           src/ASF/sam/utils/syscalls/gcc/syscalls.o
_global_impure_ptr                                c:/program files (x86)/atmel/studio/7.0/toolchain/arm/arm-gnu-toolchain/bin/../lib/gcc/arm-none-eabi/6.3.1/../../../../arm-none-eabi/lib/thumb/v7e-m\libc.a(lib_a-impure.o)
                                                  c:/program files (x86)/atmel/studio/7.0/toolchain/arm/arm-gnu-toolchain/bin/../lib/gcc/arm-none-eabi/6.3.1/../../../../arm-none-eabi/lib/thumb/v7e-m\libc.a(lib_a-__atexit.o)
                                                  c:/program files (x86)/atmel/studio/7.0/toolchain/arm/arm-gnu-toolchain/bin/../lib/gcc/arm-none-eabi/6.3.1/../../../../arm-none-eabi/lib/thumb/v7e-m\libc.a(lib_a-__call_atexit.o)
                                                  c:/program files (x86)/atmel/studio/7.0/toolchain/arm/arm-gnu-toolchain/bin/../lib/gcc/arm-none-eabi/6.3.1/../../../../arm-none-eabi/lib/thumb/v7e-m\libc.a(lib_a-exit.o)
_impure_ptr                                       c:/program files (x86)/atmel/studio/7.0/toolchain/arm/arm-gnu-toolchain/bin/../lib/gcc/arm-none-eabi/6.3.1/../../../../arm-none-eabi/lib/thumb/v7e-m\libc.a(lib_a-impure.o)
_init                                             c:/program files (x86)/atmel/studio/7.0/toolchain/arm/arm-gnu-toolchain/bin/../lib/gcc/arm-none-eabi/6.3.1/thumb/v7e-m/crti.o
                                                  c:/program files (x86)/atmel/studio/7.0/toolchain/arm/arm-gnu-toolchain/bin/../lib/gcc/arm-none-eabi/6.3.1/../../../../arm-none-eabi/lib/thumb/v7e-m\libc.a(lib_a-init.o)
_isatty                                           src/ASF/sam/utils/syscalls/gcc/syscalls.o
_kill                                             src/ASF/sam/utils/syscalls/gcc/syscalls.o
_lseek                                            src/ASF/sam/utils/syscalls/gcc/syscalls.o
_mainCRTStartup                                   c:/program files (x86)/atmel/studio/7.0/toolchain/arm/arm-gnu-toolchain/bin/../lib/gcc/arm-none-eabi/6.3.1/../../../../arm-none-eabi/lib/thumb/v7e-m/crt0.o
_sbrk                                             src/ASF/sam/utils/syscalls/gcc/syscalls.o
_sfixed                                           src/ASF/sam/utils/cmsis/same70/source/templates/gcc/startup_same70.o
_srelocate                                        src/ASF/sam/utils/cmsis/same70/source/templates/gcc/startup_same70.o
_start                                            c:/program files (x86)/atmel/studio/7.0/toolchain/arm/arm-gnu-toolchain/bin/../lib/gcc/arm-none-eabi/6.3.1/../../../../arm-none-eabi/lib/thumb/v7e-m/crt0.o
_szero                                            src/ASF/sam/utils/cmsis/same70/source/templates/gcc/startup_same70.o
atexit                                            c:/program files (x86)/atmel/studio/7.0/toolchain/arm/arm-gnu-toolchain/bin/../lib/gcc/arm-none-eabi/6.3.1/../../../../arm-none-eabi/lib/thumb/v7e-m\libc.a(lib_a-atexit.o)
                                                  c:/program files (x86)/atmel/studio/7.0/toolchain/arm/arm-gnu-toolchain/bin/../lib/gcc/arm-none-eabi/6.3.1/../../../../arm-none-eabi/lib/thumb/v7e-m\libc.a(lib_a-__call_atexit.o)
                                                  c:/program files (x86)/atmel/studio/7.0/toolchain/arm/arm-gnu-toolchain/bin/../lib/gcc/arm-none-eabi/6.3.1/../../../../arm-none-eabi/lib/thumb/v7e-m/crt0.o
board_init                                        src/ASF/sam/boards/same70_xplained/init.o
                                                  src/main.o
but1_callback                                     src/main.o
but2_callback                                     src/main.o
but3_callback                                     src/main.o
cpu_irq_enter_critical                            src/ASF/common/utils/interrupt/interrupt_sam_nvic.o
cpu_irq_leave_critical                            src/ASF/common/utils/interrupt/interrupt_sam_nvic.o
exception_table                                   src/ASF/sam/utils/cmsis/same70/source/templates/gcc/startup_same70.o
exit                                              c:/program files (x86)/atmel/studio/7.0/toolchain/arm/arm-gnu-toolchain/bin/../lib/gcc/arm-none-eabi/6.3.1/../../../../arm-none-eabi/lib/thumb/v7e-m\libc.a(lib_a-exit.o)
                                                  c:/program files (x86)/atmel/studio/7.0/toolchain/arm/arm-gnu-toolchain/bin/../lib/gcc/arm-none-eabi/6.3.1/../../../../arm-none-eabi/lib/thumb/v7e-m/crt0.o
free                                              c:/program files (x86)/atmel/studio/7.0/toolchain/arm/arm-gnu-toolchain/bin/../lib/gcc/arm-none-eabi/6.3.1/../../../../arm-none-eabi/lib/thumb/v7e-m\libc.a(lib_a-__call_atexit.o)
g_interrupt_enabled                               src/ASF/common/utils/interrupt/interrupt_sam_nvic.o
                                                  src/ASF/sam/utils/cmsis/same70/source/templates/gcc/startup_same70.o
                                                  src/ASF/sam/drivers/pmc/sleep.o
                                                  src/ASF/sam/drivers/mpu/mpu.o
gfx_mono_draw_char                                src/oled/gfx_mono_text.o
gfx_mono_draw_progmem_string                      src/oled/gfx_mono_text.o
gfx_mono_draw_string                              src/oled/gfx_mono_text.o
                                                  src/main.o
gfx_mono_framebuffer_draw_pixel                   src/oled/gfx_mono_framebuffer.o
gfx_mono_framebuffer_get_byte                     src/oled/gfx_mono_framebuffer.o
                                                  src/oled/gfx_mono_ug_2832hsweg04.o
gfx_mono_framebuffer_get_page                     src/oled/gfx_mono_framebuffer.o
                                                  src/oled/gfx_mono_ug_2832hsweg04.o
gfx_mono_framebuffer_get_pixel                    src/oled/gfx_mono_framebuffer.o
gfx_mono_framebuffer_mask_byte                    src/oled/gfx_mono_framebuffer.o
gfx_mono_framebuffer_put_byte                     src/oled/gfx_mono_framebuffer.o
                                                  src/oled/gfx_mono_ug_2832hsweg04.o
gfx_mono_framebuffer_put_page                     src/oled/gfx_mono_framebuffer.o
                                                  src/oled/gfx_mono_ug_2832hsweg04.o
gfx_mono_generic_draw_circle                      src/oled/gfx_mono_generic.o
gfx_mono_generic_draw_filled_circle               src/oled/gfx_mono_generic.o
gfx_mono_generic_draw_filled_rect                 src/oled/gfx_mono_generic.o
                                                  src/oled/gfx_mono_text.o
gfx_mono_generic_draw_horizontal_line             src/oled/gfx_mono_generic.o
gfx_mono_generic_draw_line                        src/oled/gfx_mono_generic.o
gfx_mono_generic_draw_rect                        src/oled/gfx_mono_generic.o
gfx_mono_generic_draw_vertical_line               src/oled/gfx_mono_generic.o
gfx_mono_generic_put_bitmap                       src/oled/gfx_mono_generic.o
gfx_mono_get_progmem_string_bounding_box          src/oled/gfx_mono_text.o
gfx_mono_get_string_bounding_box                  src/oled/gfx_mono_text.o
gfx_mono_set_framebuffer                          src/oled/gfx_mono_framebuffer.o
                                                  src/oled/gfx_mono_ug_2832hsweg04.o
gfx_mono_ssd1306_draw_pixel                       src/oled/gfx_mono_ug_2832hsweg04.o
                                                  src/oled/gfx_mono_text.o
                                                  src/oled/gfx_mono_generic.o
gfx_mono_ssd1306_get_byte                         src/oled/gfx_mono_ug_2832hsweg04.o
                                                  src/oled/gfx_mono_generic.o
                                                  src/oled/gfx_mono_framebuffer.o
gfx_mono_ssd1306_get_page                         src/oled/gfx_mono_ug_2832hsweg04.o
gfx_mono_ssd1306_get_pixel                        src/oled/gfx_mono_ug_2832hsweg04.o
gfx_mono_ssd1306_init                             src/oled/gfx_mono_ug_2832hsweg04.o
                                                  src/main.o
gfx_mono_ssd1306_mask_byte                        src/oled/gfx_mono_ug_2832hsweg04.o
                                                  src/oled/gfx_mono_generic.o
gfx_mono_ssd1306_put_byte                         src/oled/gfx_mono_ug_2832hsweg04.o
                                                  src/oled/gfx_mono_generic.o
                                                  src/oled/gfx_mono_framebuffer.o
gfx_mono_ssd1306_put_framebuffer                  src/oled/gfx_mono_ug_2832hsweg04.o
gfx_mono_ssd1306_put_page                         src/oled/gfx_mono_ug_2832hsweg04.o
                                                  src/oled/gfx_mono_generic.o
hardware_init_hook                                c:/program files (x86)/atmel/studio/7.0/toolchain/arm/arm-gnu-toolchain/bin/../lib/gcc/arm-none-eabi/6.3.1/../../../../arm-none-eabi/lib/thumb/v7e-m/crt0.o
io_init                                           src/main.o
link                                              src/ASF/sam/utils/syscalls/gcc/syscalls.o
main                                              src/main.o
                                                  src/ASF/sam/utils/cmsis/same70/source/templates/gcc/startup_same70.o
                                                  c:/program files (x86)/atmel/studio/7.0/toolchain/arm/arm-gnu-toolchain/bin/../lib/gcc/arm-none-eabi/6.3.1/../../../../arm-none-eabi/lib/thumb/v7e-m/crt0.o
malloc                                            c:/program files (x86)/atmel/studio/7.0/toolchain/arm/arm-gnu-toolchain/bin/../lib/gcc/arm-none-eabi/6.3.1/../../../../arm-none-eabi/lib/thumb/v7e-m\libc.a(lib_a-__atexit.o)
memset                                            c:/program files (x86)/atmel/studio/7.0/toolchain/arm/arm-gnu-toolchain/bin/../lib/gcc/arm-none-eabi/6.3.1/../../../../arm-none-eabi/lib/thumb/v7e-m\libc.a(lib_a-memset.o)
                                                  c:/program files (x86)/atmel/studio/7.0/toolchain/arm/arm-gnu-toolchain/bin/../lib/gcc/arm-none-eabi/6.3.1/../../../../arm-none-eabi/lib/thumb/v7e-m/crt0.o
mpu_cal_mpu_region_size                           src/ASF/sam/drivers/mpu/mpu.o
mpu_disable_region                                src/ASF/sam/drivers/mpu/mpu.o
mpu_enable                                        src/ASF/sam/drivers/mpu/mpu.o
mpu_set_region                                    src/ASF/sam/drivers/mpu/mpu.o
mpu_set_region_num                                src/ASF/sam/drivers/mpu/mpu.o
mpu_update_regions                                src/ASF/sam/drivers/mpu/mpu.o
pio_capture_disable                               src/ASF/sam/drivers/pio/pio.o
pio_capture_disable_interrupt                     src/ASF/sam/drivers/pio/pio.o
pio_capture_enable                                src/ASF/sam/drivers/pio/pio.o
pio_capture_enable_flag                           src/ASF/sam/drivers/pio/pio.o
pio_capture_enable_interrupt                      src/ASF/sam/drivers/pio/pio.o
pio_capture_get_interrupt_mask                    src/ASF/sam/drivers/pio/pio.o
pio_capture_get_interrupt_status                  src/ASF/sam/drivers/pio/pio.o
pio_capture_read                                  src/ASF/sam/drivers/pio/pio.o
pio_capture_set_mode                              src/ASF/sam/drivers/pio/pio.o
pio_clear                                         src/ASF/sam/drivers/pio/pio.o
                                                  src/main.o
pio_configure                                     src/ASF/sam/drivers/pio/pio.o
                                                  src/main.o
                                                  src/oled/ssd1306.o
pio_configure_interrupt                           src/ASF/sam/drivers/pio/pio.o
                                                  src/ASF/sam/drivers/pio/pio_handler.o
pio_configure_pin                                 src/ASF/sam/drivers/pio/pio.o
pio_configure_pin_group                           src/ASF/sam/drivers/pio/pio.o
pio_disable_interrupt                             src/ASF/sam/drivers/pio/pio.o
                                                  src/ASF/sam/drivers/pio/pio_handler.o
pio_disable_output_write                          src/ASF/sam/drivers/pio/pio.o
pio_disable_pin_interrupt                         src/ASF/sam/drivers/pio/pio.o
pio_enable_interrupt                              src/ASF/sam/drivers/pio/pio.o
                                                  src/main.o
                                                  src/ASF/sam/drivers/pio/pio_handler.o
pio_enable_output_write                           src/ASF/sam/drivers/pio/pio.o
pio_enable_pin_interrupt                          src/ASF/sam/drivers/pio/pio.o
pio_get                                           src/ASF/sam/drivers/pio/pio.o
                                                  src/main.o
pio_get_interrupt_mask                            src/ASF/sam/drivers/pio/pio.o
                                                  src/ASF/sam/drivers/pio/pio_handler.o
pio_get_interrupt_status                          src/ASF/sam/drivers/pio/pio.o
                                                  src/main.o
                                                  src/ASF/sam/drivers/pio/pio_handler.o